Archive member included to satisfy reference by file (symbol)

app/libapp.a(main.c.obj)      (--whole-archive)
zephyr/libzephyr.a(validate_libc.c.obj)
                              (--whole-archive)
zephyr/libzephyr.a(heap.c.obj)
                              (--whole-archive)
zephyr/libzephyr.a(cbprintf_packaged.c.obj)
                              (--whole-archive)
zephyr/libzephyr.a(clock.c.obj)
                              (--whole-archive)
zephyr/libzephyr.a(printk.c.obj)
                              (--whole-archive)
zephyr/libzephyr.a(sem.c.obj)
                              (--whole-archive)
zephyr/libzephyr.a(thread_entry.c.obj)
                              (--whole-archive)
zephyr/libzephyr.a(cbprintf_complete.c.obj)
                              (--whole-archive)
zephyr/libzephyr.a(assert.c.obj)
                              (--whole-archive)
zephyr/libzephyr.a(dec.c.obj)
                              (--whole-archive)
zephyr/libzephyr.a(hex.c.obj)
                              (--whole-archive)
zephyr/libzephyr.a(rb.c.obj)  (--whole-archive)
zephyr/libzephyr.a(timeutil.c.obj)
                              (--whole-archive)
zephyr/libzephyr.a(bitarray.c.obj)
                              (--whole-archive)
zephyr/libzephyr.a(bitmask.c.obj)
                              (--whole-archive)
zephyr/libzephyr.a(ring_buffer.c.obj)
                              (--whole-archive)
zephyr/libzephyr.a(last_section_id.c.obj)
                              (--whole-archive)
zephyr/libzephyr.a(configs.c.obj)
                              (--whole-archive)
zephyr/libzephyr.a(flash_configuration.c.obj)
                              (--whole-archive)
zephyr/libzephyr.a(soc.c.obj)
                              (--whole-archive)
zephyr/libzephyr.a(nxp_mpu_regions.c.obj)
                              (--whole-archive)
zephyr/libzephyr.a(mem_attr.c.obj)
                              (--whole-archive)
zephyr/libzephyr.a(tracing_none.c.obj)
                              (--whole-archive)
zephyr/arch/common/libarch__common.a(sw_isr_common.c.obj)
                              (--whole-archive)
zephyr/arch/common/libarch__common.a(init.c.obj)
                              (--whole-archive)
zephyr/arch/common/libarch__common.a(xip.c.obj)
                              (--whole-archive)
zephyr/arch/arch/arm/core/libarch__arm__core.a(fatal.c.obj)
                              (--whole-archive)
zephyr/arch/arch/arm/core/libarch__arm__core.a(nmi.c.obj)
                              (--whole-archive)
zephyr/arch/arch/arm/core/libarch__arm__core.a(nmi_on_reset.S.obj)
                              (--whole-archive)
zephyr/arch/arch/arm/core/libarch__arm__core.a(tls.c.obj)
                              (--whole-archive)
zephyr/arch/arch/arm/core/cortex_m/libarch__arm__core__cortex_m.a(exc_exit.c.obj)
                              (--whole-archive)
zephyr/arch/arch/arm/core/cortex_m/libarch__arm__core__cortex_m.a(fault.c.obj)
                              (--whole-archive)
zephyr/arch/arch/arm/core/cortex_m/libarch__arm__core__cortex_m.a(fault_s.S.obj)
                              (--whole-archive)
zephyr/arch/arch/arm/core/cortex_m/libarch__arm__core__cortex_m.a(fpu.c.obj)
                              (--whole-archive)
zephyr/arch/arch/arm/core/cortex_m/libarch__arm__core__cortex_m.a(reset.S.obj)
                              (--whole-archive)
zephyr/arch/arch/arm/core/cortex_m/libarch__arm__core__cortex_m.a(scb.c.obj)
                              (--whole-archive)
zephyr/arch/arch/arm/core/cortex_m/libarch__arm__core__cortex_m.a(thread_abort.c.obj)
                              (--whole-archive)
zephyr/arch/arch/arm/core/cortex_m/libarch__arm__core__cortex_m.a(vector_table.S.obj)
                              (--whole-archive)
zephyr/arch/arch/arm/core/cortex_m/libarch__arm__core__cortex_m.a(swap_helper.S.obj)
                              (--whole-archive)
zephyr/arch/arch/arm/core/cortex_m/libarch__arm__core__cortex_m.a(irq_manage.c.obj)
                              (--whole-archive)
zephyr/arch/arch/arm/core/cortex_m/libarch__arm__core__cortex_m.a(prep_c.c.obj)
                              (--whole-archive)
zephyr/arch/arch/arm/core/cortex_m/libarch__arm__core__cortex_m.a(thread.c.obj)
                              (--whole-archive)
zephyr/arch/arch/arm/core/cortex_m/libarch__arm__core__cortex_m.a(cpu_idle.c.obj)
                              (--whole-archive)
zephyr/arch/arch/arm/core/cortex_m/libarch__arm__core__cortex_m.a(irq_init.c.obj)
                              (--whole-archive)
zephyr/arch/arch/arm/core/cortex_m/libarch__arm__core__cortex_m.a(isr_wrapper.c.obj)
                              (--whole-archive)
zephyr/arch/arch/arm/core/cortex_m/libarch__arm__core__cortex_m.a(__aeabi_read_tp.S.obj)
                              (--whole-archive)
zephyr/arch/arch/arm/core/mpu/libarch__arm__core__mpu.a(arm_core_mpu.c.obj)
                              (--whole-archive)
[...]
Memory Configuration

Name             Origin             Length             Attributes
FLASH            0x0000000000000000 0x0000000000100000 xr
RAM              0x0000000020000000 0x0000000000030000 xw
SRAML            0x000000001fff0000 0x0000000000010000 rw
IDT_LIST         0x00000000ffff7fff 0x0000000000008000 xw
*default*        0x0000000000000000 0xffffffffffffffff

Linker script and memory map

                0x0000000000003a30                vfprintf = __l_vfprintf
                0x0000000000000000                vfscanf = __l_vfscanf
LOAD zephyr/CMakeFiles/zephyr_final.dir/misc/empty_file.c.obj
LOAD zephyr/CMakeFiles/zephyr_final.dir/isr_tables.c.obj
LOAD zephyr/CMakeFiles/offsets.dir/./arch/arm/core/offsets/offsets.c.obj
LOAD app/libapp.a
LOAD zephyr/libzephyr.a
LOAD zephyr/arch/common/libarch__common.a
LOAD zephyr/arch/arch/arm/core/libarch__arm__core.a
LOAD zephyr/arch/arch/arm/core/cortex_m/libarch__arm__core__cortex_m.a
LOAD zephyr/arch/arch/arm/core/mpu/libarch__arm__core__mpu.a
LOAD zephyr/lib/libc/picolibc/liblib__libc__picolibc.a
LOAD zephyr/lib/libc/common/liblib__libc__common.a
LOAD zephyr/lib/posix/c_lib_ext/liblib__posix__c_lib_ext.a
LOAD zephyr/drivers/adc/libdrivers__adc.a
LOAD zephyr/drivers/clock_control/libdrivers__clock_control.a
LOAD zephyr/drivers/console/libdrivers__console.a
LOAD zephyr/drivers/dac/libdrivers__dac.a
LOAD zephyr/drivers/gpio/libdrivers__gpio.a
LOAD zephyr/drivers/pinctrl/libdrivers__pinctrl.a
LOAD zephyr/drivers/serial/libdrivers__serial.a
LOAD zephyr/drivers/timer/libdrivers__timer.a
LOAD modules/hal_nxp/libmodules__hal_nxp.a
LOAD zephyr/kernel/libkernel.a
LOAD zephyr/arch/common/libisr_tables.a
LOAD c:\users\usuario\zephyr-sdk-0.17.2\arm-zephyr-eabi\bin\../lib/gcc/../../picolibc/arm-zephyr-eabi/lib/thumb/v7e-m/nofp\libc.a
LOAD c:/users/usuario/zephyr-sdk-0.17.2/arm-zephyr-eabi/bin/../lib/gcc/arm-zephyr-eabi/12.2.0/thumb/v7e-m/nofp\libgcc.a
                0x0000000000000020                _region_min_align = 0x20

.rel.plt        0x0000000000000000        0x0
 *(SORT_BY_ALIGNMENT(.rel.plt))
                [!provide]                        PROVIDE (__rel_iplt_start = .)
 *(SORT_BY_ALIGNMENT(.rel.iplt))
 .rel.iplt      0x0000000000000000        0x0 zephyr/CMakeFiles/zephyr_final.dir/isr_tables.c.obj
                [!provide]                        PROVIDE (__rel_iplt_end = .)

.rela.plt       0x0000000000000000        0x0
 *(SORT_BY_ALIGNMENT(.rela.plt))
                [!provide]                        PROVIDE (__rela_iplt_start = .)
 *(SORT_BY_ALIGNMENT(.rela.iplt))
                [!provide]                        PROVIDE (__rela_iplt_end = .)

.rel.dyn
 *(SORT_BY_ALIGNMENT(.rel.*))

.rela.dyn
 *(SORT_BY_ALIGNMENT(.rela.*))

/DISCARD/
 *(SORT_BY_ALIGNMENT(.plt))

/DISCARD/
 *(SORT_BY_ALIGNMENT(.iplt))
                0x0000000000000000                __rom_region_start = 0x0

rom_start       0x0000000000000000      0x410
                0x0000000000000000                __rom_start_address = .
 FILL mask 0x00
                0x0000000000000000                . = (. + (0x0 - (. - __rom_start_address)))
                0x0000000000000000                . = ALIGN (0x4)
                0x0000000000000000                . = ALIGN (0x80)
                0x0000000000000000                . = ALIGN (0x200)
                0x0000000000000000                _vector_start = .
 *(SORT_BY_ALIGNMENT(.exc_vector_table))
 *(SORT_BY_ALIGNMENT(.exc_vector_table.*))
 .exc_vector_table._vector_table_section
                0x0000000000000000       0x40 zephyr/arch/arch/arm/core/cortex_m/libarch__arm__core__cortex_m.a(vector_table.S.obj)
                0x0000000000000000                _vector_table
 *(SORT_BY_ALIGNMENT(.vectors))
                0x0000000000000198                _vector_end = .
                0x0000000000000040                . = ALIGN (0x4)
 *(SORT_BY_ALIGNMENT(.gnu.linkonce.irq_vector_table*))
 .gnu.linkonce.irq_vector_table
                0x0000000000000040      0x158 zephyr/CMakeFiles/zephyr_final.dir/isr_tables.c.obj
                0x0000000000000040                _irq_vector_table
                0x0000000000000198                _vector_end = .
                0x0000000000000400                . = 0x400
 *fill*         0x0000000000000198      0x268 00
 *(SORT_BY_ALIGNMENT(.kinetis_flash_config))
 *(SORT_BY_ALIGNMENT(.kinetis_flash_config.*))
 .kinetis_flash_config."WEST_TOPDIR/zephyr/soc/nxp/kinetis/flash_configuration.c".0
                0x0000000000000400       0x10 zephyr/libzephyr.a(flash_configuration.c.obj)
                0x0000000000000400                __kinetis_flash_config

text            0x0000000000000410     0x4a24
                0x0000000000000410                __text_region_start = .
 *(SORT_BY_ALIGNMENT(.text))
 .text          0x0000000000000410      0x21c c:/users/usuario/zephyr-sdk-0.17.2/arm-zephyr-eabi/bin/../lib/gcc/arm-zephyr-eabi/12.2.0/thumb/v7e-m/nofp\libgcc.a(_arm_addsubsf3.o)
                0x0000000000000410                __aeabi_frsub
                0x0000000000000418                __subsf3
                0x0000000000000418                __aeabi_fsub
                0x000000000000041c                __aeabi_fadd
                0x000000000000041c                __addsf3
                0x000000000000057c                __aeabi_ui2f
                0x000000000000057c                __floatunsisf
                0x0000000000000584                __aeabi_i2f
                0x0000000000000584                __floatsisf
                0x00000000000005a0                __aeabi_ul2f
                0x00000000000005a0                __floatundisf
                0x00000000000005b0                __aeabi_l2f
                0x00000000000005b0                __floatdisf
 .text          0x000000000000062c      0x2a0 c:/users/usuario/zephyr-sdk-0.17.2/arm-zephyr-eabi/bin/../lib/gcc/arm-zephyr-eabi/12.2.0/thumb/v7e-m/nofp\libgcc.a(_arm_muldivsf3.o)
                0x000000000000062c                __mulsf3
                0x000000000000062c                __aeabi_fmul
                0x0000000000000794                __aeabi_fdiv
                0x0000000000000794                __divsf3
 .text          0x00000000000008cc       0xec c:/users/usuario/zephyr-sdk-0.17.2/arm-zephyr-eabi/bin/../lib/gcc/arm-zephyr-eabi/12.2.0/thumb/v7e-m/nofp\libgcc.a(_arm_cmpsf2.o)
                0x00000000000008cc                __gesf2
                0x00000000000008cc                __gtsf2
                0x00000000000008d4                __lesf2
                0x00000000000008d4                __ltsf2
                0x00000000000008dc                __nesf2
                0x00000000000008dc                __eqsf2
                0x00000000000008dc                __cmpsf2
                0x000000000000093c                __aeabi_cfrcmple
                0x0000000000000944                __aeabi_cfcmpeq
                0x0000000000000944                __aeabi_cfcmple
                0x0000000000000954                __aeabi_fcmpeq
                0x0000000000000968                __aeabi_fcmplt
                0x000000000000097c                __aeabi_fcmple
                0x0000000000000990                __aeabi_fcmpge
                0x00000000000009a4                __aeabi_fcmpgt
 .text          0x00000000000009b8       0x4c c:/users/usuario/zephyr-sdk-0.17.2/arm-zephyr-eabi/bin/../lib/gcc/arm-zephyr-eabi/12.2.0/thumb/v7e-m/nofp\libgcc.a(_arm_fixsfsi.o)
                0x00000000000009b8                __aeabi_f2iz
                0x00000000000009b8                __fixsfsi
 .text          0x0000000000000a04       0x40 c:/users/usuario/zephyr-sdk-0.17.2/arm-zephyr-eabi/bin/../lib/gcc/arm-zephyr-eabi/12.2.0/thumb/v7e-m/nofp\libgcc.a(_arm_fixunssfsi.o)
                0x0000000000000a04                __fixunssfsi
                0x0000000000000a04                __aeabi_f2uiz
 .text          0x0000000000000a44       0x30 c:/users/usuario/zephyr-sdk-0.17.2/arm-zephyr-eabi/bin/../lib/gcc/arm-zephyr-eabi/12.2.0/thumb/v7e-m/nofp\libgcc.a(_aeabi_uldivmod.o)
                0x0000000000000a44                __aeabi_uldivmod
 .text          0x0000000000000a74        0x4 c:/users/usuario/zephyr-sdk-0.17.2/arm-zephyr-eabi/bin/../lib/gcc/arm-zephyr-eabi/12.2.0/thumb/v7e-m/nofp\libgcc.a(_dvmd_tls.o)
                0x0000000000000a74                __aeabi_idiv0
                0x0000000000000a74                __aeabi_ldiv0
 .text          0x0000000000000a78      0x2a0 c:/users/usuario/zephyr-sdk-0.17.2/arm-zephyr-eabi/bin/../lib/gcc/arm-zephyr-eabi/12.2.0/thumb/v7e-m/nofp\libgcc.a(_udivmoddi4.o)
                0x0000000000000a78                __udivmoddi4
 *(SORT_BY_ALIGNMENT(.text.*))
 .text.main     0x0000000000000d18      0x198 app/libapp.a(main.c.obj)
                0x0000000000000d18                main
 .text.sample_timer_cb
                0x0000000000000eb0        0xc app/libapp.a(main.c.obj)
 .text.audio_io_thread
                0x0000000000000ebc       0xe0 app/libapp.a(main.c.obj)
 .text.dsp_thread
                0x0000000000000f9c      0x414 app/libapp.a(main.c.obj)
 .text.char_out
                0x00000000000013b0        0xc zephyr/libzephyr.a(printk.c.obj)
 .text.__printk_hook_install
                0x00000000000013bc        0xc zephyr/libzephyr.a(printk.c.obj)
                0x00000000000013bc                __printk_hook_install
 .text.vprintk  0x00000000000013c8       0x30 zephyr/libzephyr.a(printk.c.obj)
                0x00000000000013c8                vprintk
 .text.z_thread_entry
                0x00000000000013f8       0x34 zephyr/libzephyr.a(thread_entry.c.obj)
                0x00000000000013f8                z_thread_entry
 .text.clock_init
                0x000000000000142c       0x4c zephyr/libzephyr.a(soc.c.obj)
                0x000000000000142c                clock_init
 .text.soc_early_init_hook
                0x0000000000001478       0x18 zephyr/libzephyr.a(soc.c.obj)
                0x0000000000001478                soc_early_init_hook
 .text.mem_attr_get_regions
                0x0000000000001490        0xc zephyr/libzephyr.a(mem_attr.c.obj)
                0x0000000000001490                mem_attr_get_regions
 .text.arch_bss_zero
                0x000000000000149c       0x18 zephyr/arch/common/libarch__common.a(init.c.obj)
                0x000000000000149c                arch_bss_zero
 .text.arch_data_copy
                0x00000000000014b4       0x38 zephyr/arch/common/libarch__common.a(xip.c.obj)
                0x00000000000014b4                arch_data_copy
 .text.z_arm_fatal_error
                0x00000000000014ec       0x60 zephyr/arch/arch/arm/core/libarch__arm__core.a(fatal.c.obj)
                0x00000000000014ec                z_arm_fatal_error
 .text.z_SysNmiOnReset
                0x000000000000154c        0x8 zephyr/arch/arch/arm/core/libarch__arm__core.a(nmi_on_reset.S.obj)
                0x000000000000154c                z_SysNmiOnReset
 .text.arch_tls_stack_setup
                0x0000000000001554       0x40 zephyr/arch/arch/arm/core/libarch__arm__core.a(tls.c.obj)
                0x0000000000001554                arch_tls_stack_setup
 .text._HandlerModeExit
                0x0000000000001594       0x20 zephyr/arch/arch/arm/core/cortex_m/libarch__arm__core__cortex_m.a(exc_exit.c.obj)
                0x0000000000001594                z_arm_int_exit
                0x0000000000001594                z_arm_exc_exit
 .text.mem_manage_fault
                0x00000000000015b4       0xf0 zephyr/arch/arch/arm/core/cortex_m/libarch__arm__core__cortex_m.a(fault.c.obj)
 .text.bus_fault
                0x00000000000016a4      0x18c zephyr/arch/arch/arm/core/cortex_m/libarch__arm__core__cortex_m.a(fault.c.obj)
 .text.usage_fault.constprop.0
                0x0000000000001830       0x98 zephyr/arch/arch/arm/core/cortex_m/libarch__arm__core__cortex_m.a(fault.c.obj)
 .text.z_arm_fault
                0x00000000000018c8      0x1a4 zephyr/arch/arch/arm/core/cortex_m/libarch__arm__core__cortex_m.a(fault.c.obj)
                0x00000000000018c8                z_arm_fault
 .text.z_arm_fault_init
                0x0000000000001a6c       0x18 zephyr/arch/arch/arm/core/cortex_m/libarch__arm__core__cortex_m.a(fault.c.obj)
                0x0000000000001a6c                z_arm_fault_init
 .text.__fault  0x0000000000001a84       0x14 zephyr/arch/arch/arm/core/cortex_m/libarch__arm__core__cortex_m.a(fault_s.S.obj)
                0x0000000000001a84                z_arm_usage_fault
                0x0000000000001a84                z_arm_mpu_fault
                0x0000000000001a84                z_arm_exc_spurious
                0x0000000000001a84                z_arm_debug_monitor
                0x0000000000001a84                z_arm_hard_fault
                0x0000000000001a84                z_arm_bus_fault
 .text._reset_section
                0x0000000000001a98       0x38 zephyr/arch/arch/arm/core/cortex_m/libarch__arm__core__cortex_m.a(reset.S.obj)
                0x0000000000001a98                __start
                0x0000000000001a98                z_arm_reset
 .text.z_impl_k_thread_abort
                0x0000000000001ad0       0x2c zephyr/arch/arch/arm/core/cortex_m/libarch__arm__core__cortex_m.a(thread_abort.c.obj)
                0x0000000000001ad0                z_impl_k_thread_abort
 .text.z_arm_pendsv
                0x0000000000001afc       0x60 zephyr/arch/arch/arm/core/cortex_m/libarch__arm__core__cortex_m.a(swap_helper.S.obj)
                0x0000000000001afc                z_arm_pendsv
 .text.z_arm_svc
                0x0000000000001b5c       0x24 zephyr/arch/arch/arm/core/cortex_m/libarch__arm__core__cortex_m.a(swap_helper.S.obj)
                0x0000000000001b5c                z_arm_svc
 .text.arm_irq_enable
                0x0000000000001b80       0x1c zephyr/arch/arch/arm/core/cortex_m/libarch__arm__core__cortex_m.a(irq_manage.c.obj)
                0x0000000000001b80                arm_irq_enable
 .text.arm_irq_priority_set
                0x0000000000001b9c       0x30 zephyr/arch/arch/arm/core/cortex_m/libarch__arm__core__cortex_m.a(irq_manage.c.obj)
                0x0000000000001b9c                arm_irq_priority_set
 .text.relocate_vector_table
                0x0000000000001bcc       0x1c zephyr/arch/arch/arm/core/cortex_m/libarch__arm__core__cortex_m.a(prep_c.c.obj)
                0x0000000000001bcc                relocate_vector_table
 .text.z_prep_c
                0x0000000000001be8       0x38 zephyr/arch/arch/arm/core/cortex_m/libarch__arm__core__cortex_m.a(prep_c.c.obj)
                0x0000000000001be8                z_prep_c
 .text.arch_new_thread
                0x0000000000001c20       0x38 zephyr/arch/arch/arm/core/cortex_m/libarch__arm__core__cortex_m.a(thread.c.obj)
                0x0000000000001c20                arch_new_thread
 .text.z_check_thread_stack_fail
                0x0000000000001c58       0x2c zephyr/arch/arch/arm/core/cortex_m/libarch__arm__core__cortex_m.a(thread.c.obj)
                0x0000000000001c58                z_check_thread_stack_fail
 .text.arch_switch_to_main_thread
                0x0000000000001c84       0x3c zephyr/arch/arch/arm/core/cortex_m/libarch__arm__core__cortex_m.a(thread.c.obj)
                0x0000000000001c84                arch_switch_to_main_thread
 .text.z_arm_cpu_idle_init
                0x0000000000001cc0        0xc zephyr/arch/arch/arm/core/cortex_m/libarch__arm__core__cortex_m.a(cpu_idle.c.obj)
                0x0000000000001cc0                z_arm_cpu_idle_init
 .text.z_arm_interrupt_init
                0x0000000000001ccc       0x18 zephyr/arch/arch/arm/core/cortex_m/libarch__arm__core__cortex_m.a(irq_init.c.obj)
                0x0000000000001ccc                z_arm_interrupt_init
 .text._isr_wrapper
                0x0000000000001ce4       0x24 zephyr/arch/arch/arm/core/cortex_m/libarch__arm__core__cortex_m.a(isr_wrapper.c.obj)
                0x0000000000001ce4                _isr_wrapper
 .text.z_arm_configure_static_mpu_regions
                0x0000000000001d08       0x18 zephyr/arch/arch/arm/core/mpu/libarch__arm__core__mpu.a(arm_core_mpu.c.obj)
                0x0000000000001d08                z_arm_configure_static_mpu_regions
 .text.z_arm_configure_dynamic_mpu_regions
                0x0000000000001d20       0x20 zephyr/arch/arch/arm/core/mpu/libarch__arm__core__mpu.a(arm_core_mpu.c.obj)
                0x0000000000001d20                z_arm_configure_dynamic_mpu_regions
 .text.region_init
                0x0000000000001d40       0x34 zephyr/arch/arch/arm/core/mpu/libarch__arm__core__mpu.a(nxp_mpu.c.obj)
 .text.mpu_configure_regions
                0x0000000000001d74       0xe4 zephyr/arch/arch/arm/core/mpu/libarch__arm__core__mpu.a(nxp_mpu.c.obj)
 .text.arm_core_mpu_enable
                0x0000000000001e58       0x18 zephyr/arch/arch/arm/core/mpu/libarch__arm__core__mpu.a(nxp_mpu.c.obj)
                0x0000000000001e58                arm_core_mpu_enable
 .text.arm_core_mpu_disable
                0x0000000000001e70       0x1c zephyr/arch/arch/arm/core/mpu/libarch__arm__core__mpu.a(nxp_mpu.c.obj)
                0x0000000000001e70                arm_core_mpu_disable
 .text.arm_core_mpu_configure_static_mpu_regions
                0x0000000000001e8c       0x14 zephyr/arch/arch/arm/core/mpu/libarch__arm__core__mpu.a(nxp_mpu.c.obj)
                0x0000000000001e8c                arm_core_mpu_configure_static_mpu_regions
 .text.arm_core_mpu_configure_dynamic_mpu_regions
                0x0000000000001ea0       0x80 zephyr/arch/arch/arm/core/mpu/libarch__arm__core__mpu.a(nxp_mpu.c.obj)
                0x0000000000001ea0                arm_core_mpu_configure_dynamic_mpu_regions
 .text.z_arm_mpu_init
                0x0000000000001f20       0xd4 zephyr/arch/arch/arm/core/mpu/libarch__arm__core__mpu.a(nxp_mpu.c.obj)
                0x0000000000001f20                z_arm_mpu_init
 .text.z_impl_zephyr_fputc
                0x0000000000001ff4       0x10 zephyr/lib/libc/picolibc/liblib__libc__picolibc.a(stdio.c.obj)
                0x0000000000001ff4                z_impl_zephyr_fputc
 .text.__stdout_hook_install
                0x0000000000002004       0x18 zephyr/lib/libc/picolibc/liblib__libc__picolibc.a(stdio.c.obj)
                0x0000000000002004                __stdout_hook_install
 .text.malloc_prepare
                0x000000000000201c       0x24 zephyr/lib/libc/common/liblib__libc__common.a(malloc.c.obj)
 .text.uart_console_init
                0x0000000000002040       0x28 zephyr/drivers/console/libdrivers__console.a(uart_console.c.obj)
 .text.console_out
                0x0000000000002068       0x28 zephyr/drivers/console/libdrivers__console.a(uart_console.c.obj)
 .text.pinctrl_configure_pins
                0x0000000000002090       0x40 zephyr/drivers/pinctrl/libdrivers__pinctrl.a(pinctrl_nxp_port.c.obj)
                0x0000000000002090                pinctrl_configure_pins
 .text.elapsed  0x00000000000020d0       0x4c zephyr/drivers/timer/libdrivers__timer.a(cortex_m_systick.c.obj)
 .text.sys_clock_driver_init
                0x000000000000211c       0x38 zephyr/drivers/timer/libdrivers__timer.a(cortex_m_systick.c.obj)
 .text.sys_clock_isr
                0x0000000000002154       0x60 zephyr/drivers/timer/libdrivers__timer.a(cortex_m_systick.c.obj)
                0x0000000000002154                sys_clock_isr
 .text.sys_clock_set_timeout
                0x00000000000021b4       0xf8 zephyr/drivers/timer/libdrivers__timer.a(cortex_m_systick.c.obj)
                0x00000000000021b4                sys_clock_set_timeout
 .text.sys_clock_elapsed
                0x00000000000022ac       0x3c zephyr/drivers/timer/libdrivers__timer.a(cortex_m_systick.c.obj)
                0x00000000000022ac                sys_clock_elapsed
 .text.CLOCK_GetMcgExtClkFreq
                0x00000000000022e8       0x34 modules/hal_nxp/libmodules__hal_nxp.a(fsl_clock.c.obj)
 .text.CLOCK_GetFllRefClkFreq
                0x000000000000231c       0x54 modules/hal_nxp/libmodules__hal_nxp.a(fsl_clock.c.obj)
 .text.CLOCK_GetInternalRefClkSelectFreq
                0x0000000000002370       0x28 modules/hal_nxp/libmodules__hal_nxp.a(fsl_clock.c.obj)
 .text.CLOCK_GetOsc0ErClkFreq
                0x0000000000002398       0x18 modules/hal_nxp/libmodules__hal_nxp.a(fsl_clock.c.obj)
                0x0000000000002398                CLOCK_GetOsc0ErClkFreq
 .text.CLOCK_GetEr32kClkFreq
                0x00000000000023b0       0x3c modules/hal_nxp/libmodules__hal_nxp.a(fsl_clock.c.obj)
                0x00000000000023b0                CLOCK_GetEr32kClkFreq
 .text.CLOCK_SetSimConfig
                0x00000000000023ec       0x38 modules/hal_nxp/libmodules__hal_nxp.a(fsl_clock.c.obj)
                0x00000000000023ec                CLOCK_SetSimConfig
 .text.CLOCK_GetFllFreq
                0x0000000000002424       0x3c modules/hal_nxp/libmodules__hal_nxp.a(fsl_clock.c.obj)
                0x0000000000002424                CLOCK_GetFllFreq
 .text.CLOCK_GetInternalRefClkFreq
                0x0000000000002460       0x14 modules/hal_nxp/libmodules__hal_nxp.a(fsl_clock.c.obj)
                0x0000000000002460                CLOCK_GetInternalRefClkFreq
 .text.CLOCK_GetPll0Freq
                0x0000000000002474       0x2c modules/hal_nxp/libmodules__hal_nxp.a(fsl_clock.c.obj)
                0x0000000000002474                CLOCK_GetPll0Freq
 .text.CLOCK_GetPllFllSelClkFreq
                0x00000000000024a0       0x2c modules/hal_nxp/libmodules__hal_nxp.a(fsl_clock.c.obj)
                0x00000000000024a0                CLOCK_GetPllFllSelClkFreq
 .text.CLOCK_GetOutClkFreq
                0x00000000000024cc       0x28 modules/hal_nxp/libmodules__hal_nxp.a(fsl_clock.c.obj)
                0x00000000000024cc                CLOCK_GetOutClkFreq
 .text.CLOCK_GetFreq
                0x00000000000024f4       0xa8 modules/hal_nxp/libmodules__hal_nxp.a(fsl_clock.c.obj)
                0x00000000000024f4                CLOCK_GetFreq
 .text.CLOCK_SetExternalRefClkConfig
                0x000000000000259c       0x38 modules/hal_nxp/libmodules__hal_nxp.a(fsl_clock.c.obj)
                0x000000000000259c                CLOCK_SetExternalRefClkConfig
 .text.CLOCK_SetInternalRefClkConfig
                0x00000000000025d4       0x80 modules/hal_nxp/libmodules__hal_nxp.a(fsl_clock.c.obj)
                0x00000000000025d4                CLOCK_SetInternalRefClkConfig
 .text.CLOCK_EnablePll0
                0x0000000000002654       0x34 modules/hal_nxp/libmodules__hal_nxp.a(fsl_clock.c.obj)
                0x0000000000002654                CLOCK_EnablePll0
 .text.CLOCK_InitOsc0
                0x0000000000002688       0x64 modules/hal_nxp/libmodules__hal_nxp.a(fsl_clock.c.obj)
                0x0000000000002688                CLOCK_InitOsc0
 .text.CLOCK_SetPbeMode
                0x00000000000026ec       0x50 modules/hal_nxp/libmodules__hal_nxp.a(fsl_clock.c.obj)
                0x00000000000026ec                CLOCK_SetPbeMode
 .text.CLOCK_BootToPeeMode
                0x000000000000273c       0x30 modules/hal_nxp/libmodules__hal_nxp.a(fsl_clock.c.obj)
                0x000000000000273c                CLOCK_BootToPeeMode
 .text.SystemInit
                0x000000000000276c       0x20 modules/hal_nxp/libmodules__hal_nxp.a(system_MK64F12.c.obj)
                0x000000000000276c                SystemInit
 .text.ADC16_Init
                0x000000000000278c       0xb8 modules/hal_nxp/libmodules__hal_nxp.a(fsl_adc16.c.obj)
                0x000000000000278c                ADC16_Init
 .text.DAC_Init
                0x0000000000002844       0x5c modules/hal_nxp/libmodules__hal_nxp.a(fsl_dac.c.obj)
                0x0000000000002844                DAC_Init
 .text.UART_GetInstance
                0x00000000000028a0       0x4c modules/hal_nxp/libmodules__hal_nxp.a(fsl_uart.c.obj)
                0x00000000000028a0                UART_GetInstance
 .text.UART_Init
                0x00000000000028ec      0x104 modules/hal_nxp/libmodules__hal_nxp.a(fsl_uart.c.obj)
                0x00000000000028ec                UART_Init
 .text.z_fatal_error
                0x00000000000029f0       0x30 zephyr/kernel/libkernel.a(fatal.c.obj)
                0x00000000000029f0                z_fatal_error
 .text.z_sys_init_run_level
                0x0000000000002a20       0x30 zephyr/kernel/libkernel.a(init.c.obj)
 .text.bg_thread_main
                0x0000000000002a50       0xc0 zephyr/kernel/libkernel.a(init.c.obj)
 .text.z_init_cpu
                0x0000000000002b10       0x70 zephyr/kernel/libkernel.a(init.c.obj)
                0x0000000000002b10                z_init_cpu
 .text.z_cstart
                0x0000000000002b80       0xcc zephyr/kernel/libkernel.a(init.c.obj)
                0x0000000000002b80                z_cstart
 .text.put_msg_in_queue
                0x0000000000002c4c       0xd0 zephyr/kernel/libkernel.a(msg_q.c.obj)
 .text.z_impl_k_msgq_get
                0x0000000000002d1c       0xc4 zephyr/kernel/libkernel.a(msg_q.c.obj)
                0x0000000000002d1c                z_impl_k_msgq_get
 .text.z_impl_k_sem_give
                0x0000000000002de0       0x68 zephyr/kernel/libkernel.a(sem.c.obj)
                0x0000000000002de0                z_impl_k_sem_give
 .text.z_impl_k_sem_take
                0x0000000000002e48       0x4c zephyr/kernel/libkernel.a(sem.c.obj)
                0x0000000000002e48                z_impl_k_sem_take
 .text.z_setup_new_thread
                0x0000000000002e94       0x98 zephyr/kernel/libkernel.a(thread.c.obj)
                0x0000000000002e94                z_setup_new_thread
 .text.z_impl_k_thread_create
                0x0000000000002f2c       0x58 zephyr/kernel/libkernel.a(thread.c.obj)
                0x0000000000002f2c                z_impl_k_thread_create
 .text.z_dummy_thread_init
                0x0000000000002f84       0x18 zephyr/kernel/libkernel.a(thread.c.obj)
                0x0000000000002f84                z_dummy_thread_init
 .text.z_swap_irqlock
                0x0000000000002f9c       0x30 zephyr/kernel/libkernel.a(sched.c.obj)
 .text.ready_thread
                0x0000000000002fcc       0x84 zephyr/kernel/libkernel.a(sched.c.obj)
 .text.unready_thread
                0x0000000000003050       0x54 zephyr/kernel/libkernel.a(sched.c.obj)
 .text.add_thread_timeout
                0x00000000000030a4       0x1c zephyr/kernel/libkernel.a(sched.c.obj)
 .text.move_thread_to_end_of_prio_q
                0x00000000000030c0       0x90 zephyr/kernel/libkernel.a(sched.c.obj)
                0x00000000000030c0                move_thread_to_end_of_prio_q
 .text.z_pend_curr
                0x0000000000003150       0x44 zephyr/kernel/libkernel.a(sched.c.obj)
                0x0000000000003150                z_pend_curr
 .text.z_reschedule
                0x0000000000003194       0x24 zephyr/kernel/libkernel.a(sched.c.obj)
                0x0000000000003194                z_reschedule
 .text.z_reschedule_irqlock
                0x00000000000031b8       0x28 zephyr/kernel/libkernel.a(sched.c.obj)
                0x00000000000031b8                z_reschedule_irqlock
 .text.k_sched_lock
                0x00000000000031e0       0x28 zephyr/kernel/libkernel.a(sched.c.obj)
                0x00000000000031e0                k_sched_lock
 .text.k_sched_unlock
                0x0000000000003208       0x68 zephyr/kernel/libkernel.a(sched.c.obj)
                0x0000000000003208                k_sched_unlock
 .text.z_sched_init
                0x0000000000003270       0x10 zephyr/kernel/libkernel.a(sched.c.obj)
                0x0000000000003270                z_sched_init
 .text.z_impl_k_yield
                0x0000000000003280       0x88 zephyr/kernel/libkernel.a(sched.c.obj)
                0x0000000000003280                z_impl_k_yield
 .text.z_tick_sleep
                0x0000000000003308       0x78 zephyr/kernel/libkernel.a(sched.c.obj)
 .text.z_impl_k_wakeup
                0x0000000000003380       0x48 zephyr/kernel/libkernel.a(sched.c.obj)
                0x0000000000003380                z_impl_k_wakeup
 .text.z_impl_k_sched_current_thread_query
                0x00000000000033c8        0xc zephyr/kernel/libkernel.a(sched.c.obj)
                0x00000000000033c8                z_impl_k_sched_current_thread_query
 .text.z_thread_abort
                0x00000000000033d4      0x140 zephyr/kernel/libkernel.a(sched.c.obj)
                0x00000000000033d4                z_thread_abort
 .text.slice_timeout
                0x0000000000003514       0x20 zephyr/kernel/libkernel.a(timeslicing.c.obj)
 .text.thread_is_sliceable
                0x0000000000003534       0x3c zephyr/kernel/libkernel.a(timeslicing.c.obj)
                0x0000000000003534                thread_is_sliceable
 .text.z_reset_time_slice
                0x0000000000003570       0x50 zephyr/kernel/libkernel.a(timeslicing.c.obj)
                0x0000000000003570                z_reset_time_slice
 .text.z_time_slice
                0x00000000000035c0       0x60 zephyr/kernel/libkernel.a(timeslicing.c.obj)
                0x00000000000035c0                z_time_slice
 .text.first    0x0000000000003620       0x10 zephyr/kernel/libkernel.a(timeout.c.obj)
 .text.elapsed  0x0000000000003630       0x14 zephyr/kernel/libkernel.a(timeout.c.obj)
 .text.remove_timeout
                0x0000000000003644       0x38 zephyr/kernel/libkernel.a(timeout.c.obj)
 .text.z_add_timeout
                0x000000000000367c      0x120 zephyr/kernel/libkernel.a(timeout.c.obj)
                0x000000000000367c                z_add_timeout
 .text.sys_clock_announce
                0x000000000000379c       0xc0 zephyr/kernel/libkernel.a(timeout.c.obj)
                0x000000000000379c                sys_clock_announce
 .text.sys_clock_tick_get
                0x000000000000385c       0x30 zephyr/kernel/libkernel.a(timeout.c.obj)
                0x000000000000385c                sys_clock_tick_get
 .text.z_timer_expiration_handler
                0x000000000000388c      0x104 zephyr/kernel/libkernel.a(timer.c.obj)
                0x000000000000388c                z_timer_expiration_handler
 .text.z_impl_k_timer_start
                0x0000000000003990       0x70 zephyr/kernel/libkernel.a(timer.c.obj)
                0x0000000000003990                z_impl_k_timer_start
 .text.boot_banner
                0x0000000000003a00        0xc zephyr/kernel/libkernel.a(banner.c.obj)
                0x0000000000003a00                boot_banner
 .text.statics_init
                0x0000000000003a0c       0x24 zephyr/kernel/libkernel.a(kheap.c.obj)
 .text.__l_vfprintf
                0x0000000000003a30      0x4b8 c:\users\usuario\zephyr-sdk-0.17.2\arm-zephyr-eabi\bin\../lib/gcc/../../picolibc/arm-zephyr-eabi/lib/thumb/v7e-m/nofp\libc.a(libc_tinystdio_vflprintf.c.o)
                0x0000000000003a30                __l_vfprintf
 .text._OffsetAbsSyms
                0x0000000000003ee8        0x2 zephyr/CMakeFiles/offsets.dir/./arch/arm/core/offsets/offsets.c.obj
                0x0000000000003ee8                _OffsetAbsSyms
 .text.chunk_size
                0x0000000000003eea        0xa zephyr/libzephyr.a(heap.c.obj)
 .text.free_list_add
                0x0000000000003ef4       0x4e zephyr/libzephyr.a(heap.c.obj)
 .text.sys_heap_init
                0x0000000000003f42       0x7a zephyr/libzephyr.a(heap.c.obj)
                0x0000000000003f42                sys_heap_init
 .text.arch_printk_char_out
                0x0000000000003fbc        0x4 zephyr/libzephyr.a(printk.c.obj)
                0x0000000000003fbc                arch_printk_char_out
 .text.printk   0x0000000000003fc0       0x1a zephyr/libzephyr.a(printk.c.obj)
                0x0000000000003fc0                printk
 .text._ConfigAbsSyms
                0x0000000000003fda        0x2 zephyr/libzephyr.a(configs.c.obj)
                0x0000000000003fda                _ConfigAbsSyms
 .text.soc_reset_hook
                0x0000000000003fdc        0x4 zephyr/libzephyr.a(soc.c.obj)
                0x0000000000003fdc                soc_reset_hook
 .text.arch_early_memset
                0x0000000000003fe0        0x4 zephyr/arch/common/libarch__common.a(init.c.obj)
                0x0000000000003fe0                arch_early_memset
 .text.arch_early_memcpy
                0x0000000000003fe4        0x4 zephyr/arch/common/libarch__common.a(init.c.obj)
                0x0000000000003fe4                arch_early_memcpy
 .text.z_do_kernel_oops
                0x0000000000003fe8        0x8 zephyr/arch/arch/arm/core/libarch__arm__core.a(fatal.c.obj)
                0x0000000000003fe8                z_do_kernel_oops
 .text.z_arm_nmi
                0x0000000000003ff0        0xe zephyr/arch/arch/arm/core/libarch__arm__core.a(nmi.c.obj)
                0x0000000000003ff0                z_arm_nmi
 .text.z_irq_spurious
                0x0000000000003ffe        0x8 zephyr/arch/arch/arm/core/cortex_m/libarch__arm__core__cortex_m.a(irq_manage.c.obj)
                0x0000000000003ffe                z_irq_spurious
 .text.arch_coprocessors_disable
                0x0000000000004006        0x6 zephyr/arch/arch/arm/core/cortex_m/libarch__arm__core__cortex_m.a(thread.c.obj)
                0x0000000000004006                arch_coprocessors_disable
 .text.arch_irq_unlock_outlined
                0x000000000000400c        0xe zephyr/arch/arch/arm/core/cortex_m/libarch__arm__core__cortex_m.a(thread.c.obj)
                0x000000000000400c                arch_irq_unlock_outlined
 .text.arch_cpu_idle
                0x000000000000401a       0x1a zephyr/arch/arch/arm/core/cortex_m/libarch__arm__core__cortex_m.a(cpu_idle.c.obj)
                0x000000000000401a                arch_cpu_idle
 .text.picolibc_put
                0x0000000000004034        0xa zephyr/lib/libc/picolibc/liblib__libc__picolibc.a(stdio.c.obj)
 .text.mcux_adc16_start_channel
                0x000000000000403e       0x46 zephyr/drivers/adc/libdrivers__adc.a(adc_mcux_adc16.c.obj)
 .text.adc_context_start_sampling
                0x0000000000004084       0x16 zephyr/drivers/adc/libdrivers__adc.a(adc_mcux_adc16.c.obj)
 .text.mcux_adc16_config_func_0
                0x000000000000409a       0x16 zephyr/drivers/adc/libdrivers__adc.a(adc_mcux_adc16.c.obj)
 .text.mcux_adc16_config_func_1
                0x00000000000040b0       0x16 zephyr/drivers/adc/libdrivers__adc.a(adc_mcux_adc16.c.obj)
 .text.adc_context_on_timer_expired
                0x00000000000040c6       0x2e zephyr/drivers/adc/libdrivers__adc.a(adc_mcux_adc16.c.obj)
 .text.mcux_adc16_channel_setup
                0x00000000000040f4       0x84 zephyr/drivers/adc/libdrivers__adc.a(adc_mcux_adc16.c.obj)
 .text.mcux_adc16_read
                0x0000000000004178      0x128 zephyr/drivers/adc/libdrivers__adc.a(adc_mcux_adc16.c.obj)
 .text.mcux_adc16_isr
                0x00000000000042a0       0xb4 zephyr/drivers/adc/libdrivers__adc.a(adc_mcux_adc16.c.obj)
 .text.mcux_adc16_init
                0x0000000000004354       0x80 zephyr/drivers/adc/libdrivers__adc.a(adc_mcux_adc16.c.obj)
 .text.mcux_mcg_on
                0x00000000000043d4        0x4 zephyr/drivers/clock_control/libdrivers__clock_control.a(clock_control_mcux_mcg.c.obj)
 .text.mcux_mcg_get_rate
                0x00000000000043d8       0x22 zephyr/drivers/clock_control/libdrivers__clock_control.a(clock_control_mcux_mcg.c.obj)
 .text.mcux_mcg_off
                0x00000000000043fa        0x4 zephyr/drivers/clock_control/libdrivers__clock_control.a(clock_control_mcux_mcg.c.obj)
 .text.mcux_sim_on
                0x00000000000043fe       0x1a zephyr/drivers/clock_control/libdrivers__clock_control.a(clock_control_mcux_sim.c.obj)
 .text.mcux_sim_off
                0x0000000000004418       0x1e zephyr/drivers/clock_control/libdrivers__clock_control.a(clock_control_mcux_sim.c.obj)
 .text.mcux_sim_init
                0x0000000000004436        0x4 zephyr/drivers/clock_control/libdrivers__clock_control.a(clock_control_mcux_sim.c.obj)
 .text.mcux_sim_get_subsys_rate
                0x000000000000443a       0x30 zephyr/drivers/clock_control/libdrivers__clock_control.a(clock_control_mcux_sim.c.obj)
 .text.mcux_dac_write_value
                0x000000000000446a       0x48 zephyr/drivers/dac/libdrivers__dac.a(dac_mcux_dac.c.obj)
 .text.mcux_dac_channel_setup
                0x00000000000044b2       0x3c zephyr/drivers/dac/libdrivers__dac.a(dac_mcux_dac.c.obj)
 .text.gpio_mcux_port_configure
                0x00000000000044ee       0x9c zephyr/drivers/gpio/libdrivers__gpio.a(gpio_mcux.c.obj)
 .text.gpio_mcux_port_get_raw
                0x000000000000458a        0xc zephyr/drivers/gpio/libdrivers__gpio.a(gpio_mcux.c.obj)
 .text.gpio_mcux_port_set_masked_raw
                0x0000000000004596       0x12 zephyr/drivers/gpio/libdrivers__gpio.a(gpio_mcux.c.obj)
 .text.gpio_mcux_port_set_bits_raw
                0x00000000000045a8        0xa zephyr/drivers/gpio/libdrivers__gpio.a(gpio_mcux.c.obj)
 .text.gpio_mcux_port_clear_bits_raw
                0x00000000000045b2        0xa zephyr/drivers/gpio/libdrivers__gpio.a(gpio_mcux.c.obj)
 .text.gpio_mcux_port_toggle_bits
                0x00000000000045bc        0xa zephyr/drivers/gpio/libdrivers__gpio.a(gpio_mcux.c.obj)
 .text.gpio_mcux_manage_callback
                0x00000000000045c6       0x52 zephyr/drivers/gpio/libdrivers__gpio.a(gpio_mcux.c.obj)
 .text.gpio_mcux_port0_init
                0x0000000000004618       0x16 zephyr/drivers/gpio/libdrivers__gpio.a(gpio_mcux.c.obj)
 .text.gpio_mcux_port1_init
                0x000000000000462e       0x16 zephyr/drivers/gpio/libdrivers__gpio.a(gpio_mcux.c.obj)
 .text.gpio_mcux_port2_init
                0x0000000000004644       0x16 zephyr/drivers/gpio/libdrivers__gpio.a(gpio_mcux.c.obj)
 .text.gpio_mcux_port3_init
                0x000000000000465a       0x16 zephyr/drivers/gpio/libdrivers__gpio.a(gpio_mcux.c.obj)
 .text.gpio_mcux_port4_init
                0x0000000000004670       0x16 zephyr/drivers/gpio/libdrivers__gpio.a(gpio_mcux.c.obj)
 .text.gpio_mcux_pin_interrupt_configure
                0x0000000000004686       0x78 zephyr/drivers/gpio/libdrivers__gpio.a(gpio_mcux.c.obj)
 .text.gpio_mcux_port_isr
                0x00000000000046fe       0x36 zephyr/drivers/gpio/libdrivers__gpio.a(gpio_mcux.c.obj)
 .text.pinctrl_lookup_state
                0x0000000000004734       0x26 zephyr/drivers/pinctrl/libdrivers__pinctrl.a(common.c.obj)
                0x0000000000004734                pinctrl_lookup_state
 .text.pinctrl_mcux_init
                0x000000000000475a       0x26 zephyr/drivers/pinctrl/libdrivers__pinctrl.a(pinctrl_nxp_port.c.obj)
 .text.uart_mcux_config_get
                0x0000000000004780       0x10 zephyr/drivers/serial/libdrivers__serial.a(uart_mcux.c.obj)
 .text.uart_mcux_configure
                0x0000000000004790       0xac zephyr/drivers/serial/libdrivers__serial.a(uart_mcux.c.obj)
 .text.uart_mcux_poll_out
                0x000000000000483c       0x16 zephyr/drivers/serial/libdrivers__serial.a(uart_mcux.c.obj)
 .text.uart_mcux_poll_in
                0x0000000000004852       0x20 zephyr/drivers/serial/libdrivers__serial.a(uart_mcux.c.obj)
 .text.uart_mcux_err_check
                0x0000000000004872       0x2a zephyr/drivers/serial/libdrivers__serial.a(uart_mcux.c.obj)
 .text.uart_mcux_init
                0x000000000000489c       0x2a zephyr/drivers/serial/libdrivers__serial.a(uart_mcux.c.obj)
 .text.CLOCK_GetFixedFreqClkFreq
                0x00000000000048c6       0x18 modules/hal_nxp/libmodules__hal_nxp.a(fsl_clock.c.obj)
                0x00000000000048c6                CLOCK_GetFixedFreqClkFreq
 .text.SystemInitHook
                0x00000000000048de        0x2 modules/hal_nxp/libmodules__hal_nxp.a(system_MK64F12.c.obj)
                0x00000000000048de                SystemInitHook
 .text.ADC16_GetDefaultConfig
                0x00000000000048e0       0x1a modules/hal_nxp/libmodules__hal_nxp.a(fsl_adc16.c.obj)
                0x00000000000048e0                ADC16_GetDefaultConfig
 .text.ADC16_SetChannelMuxMode
                0x00000000000048fa       0x12 modules/hal_nxp/libmodules__hal_nxp.a(fsl_adc16.c.obj)
                0x00000000000048fa                ADC16_SetChannelMuxMode
 .text.ADC16_SetHardwareAverage
                0x000000000000490c       0x18 modules/hal_nxp/libmodules__hal_nxp.a(fsl_adc16.c.obj)
                0x000000000000490c                ADC16_SetHardwareAverage
 .text.ADC16_GetStatusFlags
                0x0000000000004924       0x14 modules/hal_nxp/libmodules__hal_nxp.a(fsl_adc16.c.obj)
                0x0000000000004924                ADC16_GetStatusFlags
 .text.ADC16_DoAutoCalibration
                0x0000000000004938       0x92 modules/hal_nxp/libmodules__hal_nxp.a(fsl_adc16.c.obj)
                0x0000000000004938                ADC16_DoAutoCalibration
 .text.ADC16_SetChannelConfig
                0x00000000000049ca       0x1e modules/hal_nxp/libmodules__hal_nxp.a(fsl_adc16.c.obj)
                0x00000000000049ca                ADC16_SetChannelConfig
 .text.DAC_GetDefaultConfig
                0x00000000000049e8        0xa modules/hal_nxp/libmodules__hal_nxp.a(fsl_dac.c.obj)
                0x00000000000049e8                DAC_GetDefaultConfig
 .text.DAC_SetBufferValue
                0x00000000000049f2       0x14 modules/hal_nxp/libmodules__hal_nxp.a(fsl_dac.c.obj)
                0x00000000000049f2                DAC_SetBufferValue
 .text.UART_GetDefaultConfig
                0x0000000000004a06       0x14 modules/hal_nxp/libmodules__hal_nxp.a(fsl_uart.c.obj)
                0x0000000000004a06                UART_GetDefaultConfig
 .text.UART_GetStatusFlags
                0x0000000000004a1a       0x16 modules/hal_nxp/libmodules__hal_nxp.a(fsl_uart.c.obj)
                0x0000000000004a1a                UART_GetStatusFlags
 .text.UART_ClearStatusFlags
                0x0000000000004a30       0x3a modules/hal_nxp/libmodules__hal_nxp.a(fsl_uart.c.obj)
                0x0000000000004a30                UART_ClearStatusFlags
 .text.do_device_init
                0x0000000000004a6a       0x30 zephyr/kernel/libkernel.a(device.c.obj)
                0x0000000000004a6a                do_device_init
 .text.z_impl_device_is_ready
                0x0000000000004a9a       0x16 zephyr/kernel/libkernel.a(device.c.obj)
                0x0000000000004a9a                z_impl_device_is_ready
 .text.arch_system_halt
                0x0000000000004ab0       0x10 zephyr/kernel/libkernel.a(fatal.c.obj)
                0x0000000000004ab0                arch_system_halt
 .text.k_sys_fatal_error_handler
                0x0000000000004ac0        0x6 zephyr/kernel/libkernel.a(fatal.c.obj)
                0x0000000000004ac0                k_sys_fatal_error_handler
 .text.idle     0x0000000000004ac6       0x16 zephyr/kernel/libkernel.a(idle.c.obj)
                0x0000000000004ac6                idle
 .text.unpend_thread_no_timeout
                0x0000000000004adc       0x1a zephyr/kernel/libkernel.a(msg_q.c.obj)
 .text.z_impl_k_msgq_put
                0x0000000000004af6        0xe zephyr/kernel/libkernel.a(msg_q.c.obj)
                0x0000000000004af6                z_impl_k_msgq_put
 .text.sys_dlist_remove
                0x0000000000004b04       0x10 zephyr/kernel/libkernel.a(sched.c.obj)
 .text.unpend_thread_no_timeout
                0x0000000000004b14       0x14 zephyr/kernel/libkernel.a(sched.c.obj)
 .text.add_to_waitq_locked
                0x0000000000004b28       0x50 zephyr/kernel/libkernel.a(sched.c.obj)
 .text.z_ready_thread
                0x0000000000004b78       0x1e zephyr/kernel/libkernel.a(sched.c.obj)
                0x0000000000004b78                z_ready_thread
 .text.z_unpend_thread_no_timeout
                0x0000000000004b96       0x22 zephyr/kernel/libkernel.a(sched.c.obj)
                0x0000000000004b96                z_unpend_thread_no_timeout
 .text.z_sched_wake_thread
                0x0000000000004bb8       0x3a zephyr/kernel/libkernel.a(sched.c.obj)
                0x0000000000004bb8                z_sched_wake_thread
 .text.z_thread_timeout
                0x0000000000004bf2        0x8 zephyr/kernel/libkernel.a(sched.c.obj)
                0x0000000000004bf2                z_thread_timeout
 .text.z_unpend1_no_timeout
                0x0000000000004bfa       0x2c zephyr/kernel/libkernel.a(sched.c.obj)
                0x0000000000004bfa                z_unpend1_no_timeout
 .text.z_impl_k_sleep
                0x0000000000004c26       0x3e zephyr/kernel/libkernel.a(sched.c.obj)
                0x0000000000004c26                z_impl_k_sleep
 .text.next_timeout
                0x0000000000004c64       0x2e zephyr/kernel/libkernel.a(timeout.c.obj)
 .text.z_abort_timeout
                0x0000000000004c92       0x50 zephyr/kernel/libkernel.a(timeout.c.obj)
                0x0000000000004c92                z_abort_timeout
 .text.sys_clock_tick_get_32
                0x0000000000004ce2        0x8 zephyr/kernel/libkernel.a(timeout.c.obj)
                0x0000000000004ce2                sys_clock_tick_get_32
 .text.z_impl_k_uptime_ticks
                0x0000000000004cea        0x4 zephyr/kernel/libkernel.a(timeout.c.obj)
                0x0000000000004cea                z_impl_k_uptime_ticks
 .text.z_impl_k_timer_stop
                0x0000000000004cee       0x38 zephyr/kernel/libkernel.a(timer.c.obj)
                0x0000000000004cee                z_impl_k_timer_stop
 .text.k_heap_init
                0x0000000000004d26       0x10 zephyr/kernel/libkernel.a(kheap.c.obj)
                0x0000000000004d26                k_heap_init
 .text.memcpy   0x0000000000004d36       0x1c c:\users\usuario\zephyr-sdk-0.17.2\arm-zephyr-eabi\bin\../lib/gcc/../../picolibc/arm-zephyr-eabi/lib/thumb/v7e-m/nofp\libc.a(memcpy.c.o)
                0x0000000000004d36                __aeabi_memcpy
                0x0000000000004d36                __aeabi_memcpy4
                0x0000000000004d36                __aeabi_memcpy8
                0x0000000000004d36                memcpy
 .text.memset   0x0000000000004d52       0x10 c:\users\usuario\zephyr-sdk-0.17.2\arm-zephyr-eabi\bin\../lib/gcc/../../picolibc/arm-zephyr-eabi/lib/thumb/v7e-m/nofp\libc.a(memset.c.o)
                0x0000000000004d52                memset
 .text.strnlen  0x0000000000004d62       0x18 c:\users\usuario\zephyr-sdk-0.17.2\arm-zephyr-eabi\bin\../lib/gcc/../../picolibc/arm-zephyr-eabi/lib/thumb/v7e-m/nofp\libc.a(libc_string_strnlen.c.o)
                0x0000000000004d62                strnlen
 .text.__ultoa_invert
                0x0000000000004d7a       0xae c:\users\usuario\zephyr-sdk-0.17.2\arm-zephyr-eabi\bin\../lib/gcc/../../picolibc/arm-zephyr-eabi/lib/thumb/v7e-m/nofp\libc.a(libc_tinystdio_vflprintf.c.o)
 *(SORT_BY_ALIGNMENT(.TEXT.*))
 .TEXT.__aeabi_read_tp
                0x0000000000004e28        0xc zephyr/arch/arch/arm/core/cortex_m/libarch__arm__core__cortex_m.a(__aeabi_read_tp.S.obj)
                0x0000000000004e28                __aeabi_read_tp
 *(SORT_BY_ALIGNMENT(.gnu.linkonce.t.*))
 *(SORT_BY_ALIGNMENT(.glue_7t))
 .glue_7t       0x0000000000004e34        0x0 linker stubs
 *(SORT_BY_ALIGNMENT(.glue_7))
 .glue_7        0x0000000000004e34        0x0 linker stubs
 *(SORT_BY_ALIGNMENT(.vfp11_veneer))
 .vfp11_veneer  0x0000000000004e34        0x0 linker stubs
 *(SORT_BY_ALIGNMENT(.v4_bx))
 .v4_bx         0x0000000000004e34        0x0 linker stubs
                0x0000000000004e34                . = ALIGN (0x4)
                0x0000000000004e34                __text_region_end = .

.ARM.exidx      0x0000000000004e34        0x8
                0x0000000000004e34                __exidx_start = .
 *(SORT_BY_ALIGNMENT(.ARM.exidx*) SORT_BY_ALIGNMENT(gnu.linkonce.armexidx.*))
 .ARM.exidx     0x0000000000004e34        0x8 c:/users/usuario/zephyr-sdk-0.17.2/arm-zephyr-eabi/bin/../lib/gcc/arm-zephyr-eabi/12.2.0/thumb/v7e-m/nofp\libgcc.a(_udivmoddi4.o)
                0x0000000000004e3c                __exidx_end = .
                0x0000000000004e3c                __rodata_region_start = .

initlevel       0x0000000000004e3c       0xa8
                0x0000000000004e3c                __init_start = .
                0x0000000000004e3c                __init_EARLY_start = .
 *(SORT_BY_NAME(SORT_BY_ALIGNMENT(.z_init_EARLY_P_?_*)))
 *(SORT_BY_NAME(SORT_BY_ALIGNMENT(.z_init_EARLY_P_??_*)))
 *(SORT_BY_NAME(SORT_BY_ALIGNMENT(.z_init_EARLY_P_???_*)))
                0x0000000000004e3c                __init_PRE_KERNEL_1_start = .
 *(SORT_BY_NAME(SORT_BY_ALIGNMENT(.z_init_PRE_KERNEL_1_P_?_*)))
 *(SORT_BY_NAME(SORT_BY_ALIGNMENT(.z_init_PRE_KERNEL_1_P_??_*)))
 .z_init_PRE_KERNEL_1_P_30_SUB_00010_
                0x0000000000004e3c        0x8 zephyr/drivers/clock_control/libdrivers__clock_control.a(clock_control_mcux_sim.c.obj)
 .z_init_PRE_KERNEL_1_P_30_SUB_00069_
                0x0000000000004e44        0x8 zephyr/drivers/clock_control/libdrivers__clock_control.a(clock_control_mcux_mcg.c.obj)
 .z_init_PRE_KERNEL_1_P_30_SUB_0_
                0x0000000000004e4c        0x8 zephyr/kernel/libkernel.a(kheap.c.obj)
 .z_init_PRE_KERNEL_1_P_40_SUB_00021_
                0x0000000000004e54        0x8 zephyr/drivers/pinctrl/libdrivers__pinctrl.a(pinctrl_nxp_port.c.obj)
 .z_init_PRE_KERNEL_1_P_40_SUB_00023_
                0x0000000000004e5c        0x8 zephyr/drivers/pinctrl/libdrivers__pinctrl.a(pinctrl_nxp_port.c.obj)
 .z_init_PRE_KERNEL_1_P_40_SUB_00028_
                0x0000000000004e64        0x8 zephyr/drivers/pinctrl/libdrivers__pinctrl.a(pinctrl_nxp_port.c.obj)
 .z_init_PRE_KERNEL_1_P_40_SUB_00030_
                0x0000000000004e6c        0x8 zephyr/drivers/pinctrl/libdrivers__pinctrl.a(pinctrl_nxp_port.c.obj)
 .z_init_PRE_KERNEL_1_P_40_SUB_00074_
                0x0000000000004e74        0x8 zephyr/drivers/pinctrl/libdrivers__pinctrl.a(pinctrl_nxp_port.c.obj)
 .z_init_PRE_KERNEL_1_P_50_SUB_00084_
                0x0000000000004e7c        0x8 zephyr/drivers/serial/libdrivers__serial.a(uart_mcux.c.obj)
 .z_init_PRE_KERNEL_1_P_50_SUB_00087_
                0x0000000000004e84        0x8 zephyr/drivers/serial/libdrivers__serial.a(uart_mcux.c.obj)
 .z_init_PRE_KERNEL_1_P_60_SUB_0_
                0x0000000000004e8c        0x8 zephyr/drivers/console/libdrivers__console.a(uart_console.c.obj)
 *(SORT_BY_NAME(SORT_BY_ALIGNMENT(.z_init_PRE_KERNEL_1_P_???_*)))
                0x0000000000004e94                __init_PRE_KERNEL_2_start = .
 *(SORT_BY_NAME(SORT_BY_ALIGNMENT(.z_init_PRE_KERNEL_2_P_?_*)))
 .z_init_PRE_KERNEL_2_P_0_SUB_0_
                0x0000000000004e94        0x8 zephyr/drivers/timer/libdrivers__timer.a(cortex_m_systick.c.obj)
 *(SORT_BY_NAME(SORT_BY_ALIGNMENT(.z_init_PRE_KERNEL_2_P_??_*)))
 *(SORT_BY_NAME(SORT_BY_ALIGNMENT(.z_init_PRE_KERNEL_2_P_???_*)))
                0x0000000000004e9c                __init_POST_KERNEL_start = .
 *(SORT_BY_NAME(SORT_BY_ALIGNMENT(.z_init_POST_KERNEL_P_?_*)))
 *(SORT_BY_NAME(SORT_BY_ALIGNMENT(.z_init_POST_KERNEL_P_??_*)))
 .z_init_POST_KERNEL_P_35_SUB_0_
                0x0000000000004e9c        0x8 zephyr/lib/libc/common/liblib__libc__common.a(malloc.c.obj)
 .z_init_POST_KERNEL_P_40_SUB_00022_
                0x0000000000004ea4        0x8 zephyr/drivers/gpio/libdrivers__gpio.a(gpio_mcux.c.obj)
 .z_init_POST_KERNEL_P_40_SUB_00024_
                0x0000000000004eac        0x8 zephyr/drivers/gpio/libdrivers__gpio.a(gpio_mcux.c.obj)
 .z_init_POST_KERNEL_P_40_SUB_00029_
                0x0000000000004eb4        0x8 zephyr/drivers/gpio/libdrivers__gpio.a(gpio_mcux.c.obj)
 .z_init_POST_KERNEL_P_40_SUB_00031_
                0x0000000000004ebc        0x8 zephyr/drivers/gpio/libdrivers__gpio.a(gpio_mcux.c.obj)
 .z_init_POST_KERNEL_P_40_SUB_00075_
                0x0000000000004ec4        0x8 zephyr/drivers/gpio/libdrivers__gpio.a(gpio_mcux.c.obj)
 .z_init_POST_KERNEL_P_50_SUB_00012_
                0x0000000000004ecc        0x8 zephyr/drivers/adc/libdrivers__adc.a(adc_mcux_adc16.c.obj)
 .z_init_POST_KERNEL_P_50_SUB_00015_
                0x0000000000004ed4        0x8 zephyr/drivers/adc/libdrivers__adc.a(adc_mcux_adc16.c.obj)
 .z_init_POST_KERNEL_P_50_SUB_00017_
                0x0000000000004edc        0x8 zephyr/drivers/dac/libdrivers__dac.a(dac_mcux_dac.c.obj)
 *(SORT_BY_NAME(SORT_BY_ALIGNMENT(.z_init_POST_KERNEL_P_???_*)))
                0x0000000000004ee4                __init_APPLICATION_start = .
 *(SORT_BY_NAME(SORT_BY_ALIGNMENT(.z_init_APPLICATION_P_?_*)))
 *(SORT_BY_NAME(SORT_BY_ALIGNMENT(.z_init_APPLICATION_P_??_*)))
 *(SORT_BY_NAME(SORT_BY_ALIGNMENT(.z_init_APPLICATION_P_???_*)))
                0x0000000000004ee4                __init_SMP_start = .
 *(SORT_BY_NAME(SORT_BY_ALIGNMENT(.z_init_SMP_P_?_*)))
 *(SORT_BY_NAME(SORT_BY_ALIGNMENT(.z_init_SMP_P_??_*)))
 *(SORT_BY_NAME(SORT_BY_ALIGNMENT(.z_init_SMP_P_???_*)))
                0x0000000000004ee4                __init_end = .

device_area     0x0000000000004ee4      0x220
                0x0000000000004ee4                _device_list_start = .
 *(SORT_BY_NAME(SORT_BY_ALIGNMENT(._device.static.*_?_*)))
 *(SORT_BY_NAME(SORT_BY_ALIGNMENT(._device.static.*_??_*)))
 ._device.static.1_30_
                0x0000000000004ee4       0x20 zephyr/drivers/clock_control/libdrivers__clock_control.a(clock_control_mcux_mcg.c.obj)
                0x0000000000004ee4                __device_dts_ord_69
 ._device.static.1_30_
                0x0000000000004f04       0x20 zephyr/drivers/clock_control/libdrivers__clock_control.a(clock_control_mcux_sim.c.obj)
                0x0000000000004f04                __device_dts_ord_10
 ._device.static.1_40_
                0x0000000000004f24       0xa0 zephyr/drivers/pinctrl/libdrivers__pinctrl.a(pinctrl_nxp_port.c.obj)
                0x0000000000004f24                __device_dts_ord_30
                0x0000000000004f44                __device_dts_ord_74
                0x0000000000004f64                __device_dts_ord_23
                0x0000000000004f84                __device_dts_ord_28
                0x0000000000004fa4                __device_dts_ord_21
 ._device.static.1_50_
                0x0000000000004fc4       0x40 zephyr/drivers/serial/libdrivers__serial.a(uart_mcux.c.obj)
                0x0000000000004fc4                __device_dts_ord_87
                0x0000000000004fe4                __device_dts_ord_84
 ._device.static.3_40_
                0x0000000000005004       0xa0 zephyr/drivers/gpio/libdrivers__gpio.a(gpio_mcux.c.obj)
                0x0000000000005004                __device_dts_ord_31
                0x0000000000005024                __device_dts_ord_75
                0x0000000000005044                __device_dts_ord_24
                0x0000000000005064                __device_dts_ord_29
                0x0000000000005084                __device_dts_ord_22
 ._device.static.3_50_
                0x00000000000050a4       0x40 zephyr/drivers/adc/libdrivers__adc.a(adc_mcux_adc16.c.obj)
                0x00000000000050a4                __device_dts_ord_15
                0x00000000000050c4                __device_dts_ord_12
 ._device.static.3_50_
                0x00000000000050e4       0x20 zephyr/drivers/dac/libdrivers__dac.a(dac_mcux_dac.c.obj)
                0x00000000000050e4                __device_dts_ord_17
 *(SORT_BY_NAME(SORT_BY_ALIGNMENT(._device.static.*_???_*)))
 *(SORT_BY_NAME(SORT_BY_ALIGNMENT(._device.static.*_????_*)))
 *(SORT_BY_NAME(SORT_BY_ALIGNMENT(._device.static.*_?????_*)))
                0x0000000000005104                _device_list_end = .

sw_isr_table    0x0000000000005104      0x2b0
                0x0000000000005104                . = ALIGN (0x4)
 *(SORT_BY_ALIGNMENT(.gnu.linkonce.sw_isr_table*))
 .gnu.linkonce.sw_isr_table
                0x0000000000005104      0x2b0 zephyr/CMakeFiles/zephyr_final.dir/isr_tables.c.obj
                0x0000000000005104                _sw_isr_table

initlevel_error
                0x0000000000004e3c        0x0
 *(SORT_BY_NAME(SORT_BY_ALIGNMENT(.z_init_*)))
                0x0000000000000001                ASSERT ((SIZEOF (initlevel_error) == 0x0), Undefined initialization levels used.)

app_shmem_regions
                0x00000000000053b4        0x0
                0x00000000000053b4                __app_shmem_regions_start = .
 *(SORT_BY_NAME(SORT_BY_ALIGNMENT(.app_regions.*)))
                0x00000000000053b4                __app_shmem_regions_end = .

k_p4wq_initparam_area
                0x00000000000053b4        0x0
                0x00000000000053b4                _k_p4wq_initparam_list_start = .
 *(SORT_BY_NAME(SORT_BY_ALIGNMENT(._k_p4wq_initparam.static.*)))
                0x00000000000053b4                _k_p4wq_initparam_list_end = .

_static_thread_data_area
                0x00000000000053b4        0x0
                0x00000000000053b4                __static_thread_data_list_start = .
 *(SORT_BY_NAME(SORT_BY_ALIGNMENT(.__static_thread_data.static.*)))
                0x00000000000053b4                __static_thread_data_list_end = .

device_deps     0x00000000000053b4        0x0
                0x00000000000053b4                __device_deps_start = .
 *(SORT_BY_NAME(SORT_BY_ALIGNMENT(.__device_deps_pass2*)))
                0x00000000000053b4                __device_deps_end = .

adc_driver_api_area
                0x00000000000053b4        0xc
                0x00000000000053b4                _adc_driver_api_list_start = .
 *(SORT_BY_NAME(SORT_BY_ALIGNMENT(._adc_driver_api.static.*)))
 ._adc_driver_api.static.mcux_adc16_driver_api_
                0x00000000000053b4        0xc zephyr/drivers/adc/libdrivers__adc.a(adc_mcux_adc16.c.obj)
                0x00000000000053c0                _adc_driver_api_list_end = .

dac_driver_api_area
                0x00000000000053c0        0x8
                0x00000000000053c0                _dac_driver_api_list_start = .
 *(SORT_BY_NAME(SORT_BY_ALIGNMENT(._dac_driver_api.static.*)))
 ._dac_driver_api.static.mcux_dac_driver_api_
                0x00000000000053c0        0x8 zephyr/drivers/dac/libdrivers__dac.a(dac_mcux_dac.c.obj)
                0x00000000000053c8                _dac_driver_api_list_end = .

gpio_driver_api_area
                0x00000000000053c8       0x24
                0x00000000000053c8                _gpio_driver_api_list_start = .
 *(SORT_BY_NAME(SORT_BY_ALIGNMENT(._gpio_driver_api.static.*)))
 ._gpio_driver_api.static.gpio_mcux_driver_api_
                0x00000000000053c8       0x24 zephyr/drivers/gpio/libdrivers__gpio.a(gpio_mcux.c.obj)
                0x00000000000053ec                _gpio_driver_api_list_end = .

shared_irq_driver_api_area
                0x00000000000053ec        0x0
                0x00000000000053ec                _shared_irq_driver_api_list_start = .
 *(SORT_BY_NAME(SORT_BY_ALIGNMENT(._shared_irq_driver_api.static.*)))
                0x00000000000053ec                _shared_irq_driver_api_list_end = .

crypto_driver_api_area
                0x00000000000053ec        0x0
                0x00000000000053ec                _crypto_driver_api_list_start = .
 *(SORT_BY_NAME(SORT_BY_ALIGNMENT(._crypto_driver_api.static.*)))
                0x00000000000053ec                _crypto_driver_api_list_end = .

auxdisplay_driver_api_area
                0x00000000000053ec        0x0
                0x00000000000053ec                _auxdisplay_driver_api_list_start = .
 *(SORT_BY_NAME(SORT_BY_ALIGNMENT(._auxdisplay_driver_api.static.*)))
                0x00000000000053ec                _auxdisplay_driver_api_list_end = .

bbram_driver_api_area
                0x00000000000053ec        0x0
                0x00000000000053ec                _bbram_driver_api_list_start = .
 *(SORT_BY_NAME(SORT_BY_ALIGNMENT(._bbram_driver_api.static.*)))
                0x00000000000053ec                _bbram_driver_api_list_end = .

bt_hci_driver_api_area
                0x00000000000053ec        0x0
                0x00000000000053ec                _bt_hci_driver_api_list_start = .
 *(SORT_BY_NAME(SORT_BY_ALIGNMENT(._bt_hci_driver_api.static.*)))
                0x00000000000053ec                _bt_hci_driver_api_list_end = .

can_driver_api_area
                0x00000000000053ec        0x0
                0x00000000000053ec                _can_driver_api_list_start = .
 *(SORT_BY_NAME(SORT_BY_ALIGNMENT(._can_driver_api.static.*)))
                0x00000000000053ec                _can_driver_api_list_end = .

cellular_driver_api_area
                0x00000000000053ec        0x0
                0x00000000000053ec                _cellular_driver_api_list_start = .
 *(SORT_BY_NAME(SORT_BY_ALIGNMENT(._cellular_driver_api.static.*)))
                0x00000000000053ec                _cellular_driver_api_list_end = .

charger_driver_api_area
                0x00000000000053ec        0x0
                0x00000000000053ec                _charger_driver_api_list_start = .
 *(SORT_BY_NAME(SORT_BY_ALIGNMENT(._charger_driver_api.static.*)))
                0x00000000000053ec                _charger_driver_api_list_end = .

clock_control_driver_api_area
                0x00000000000053ec       0x38
                0x00000000000053ec                _clock_control_driver_api_list_start = .
 *(SORT_BY_NAME(SORT_BY_ALIGNMENT(._clock_control_driver_api.static.*)))
 ._clock_control_driver_api.static.mcux_mcg_driver_api_
                0x00000000000053ec       0x1c zephyr/drivers/clock_control/libdrivers__clock_control.a(clock_control_mcux_mcg.c.obj)
 ._clock_control_driver_api.static.mcux_sim_driver_api_
                0x0000000000005408       0x1c zephyr/drivers/clock_control/libdrivers__clock_control.a(clock_control_mcux_sim.c.obj)
                0x0000000000005424                _clock_control_driver_api_list_end = .

comparator_driver_api_area
                0x0000000000005424        0x0
                0x0000000000005424                _comparator_driver_api_list_start = .
 *(SORT_BY_NAME(SORT_BY_ALIGNMENT(._comparator_driver_api.static.*)))
                0x0000000000005424                _comparator_driver_api_list_end = .

coredump_driver_api_area
                0x0000000000005424        0x0
                0x0000000000005424                _coredump_driver_api_list_start = .
 *(SORT_BY_NAME(SORT_BY_ALIGNMENT(._coredump_driver_api.static.*)))
                0x0000000000005424                _coredump_driver_api_list_end = .

counter_driver_api_area
                0x0000000000005424        0x0
                0x0000000000005424                _counter_driver_api_list_start = .
 *(SORT_BY_NAME(SORT_BY_ALIGNMENT(._counter_driver_api.static.*)))
                0x0000000000005424                _counter_driver_api_list_end = .

crc_driver_api_area
                0x0000000000005424        0x0
                0x0000000000005424                _crc_driver_api_list_start = .
 *(SORT_BY_NAME(SORT_BY_ALIGNMENT(._crc_driver_api.static.*)))
                0x0000000000005424                _crc_driver_api_list_end = .

dai_driver_api_area
                0x0000000000005424        0x0
                0x0000000000005424                _dai_driver_api_list_start = .
 *(SORT_BY_NAME(SORT_BY_ALIGNMENT(._dai_driver_api.static.*)))
                0x0000000000005424                _dai_driver_api_list_end = .

display_driver_api_area
                0x0000000000005424        0x0
                0x0000000000005424                _display_driver_api_list_start = .
 *(SORT_BY_NAME(SORT_BY_ALIGNMENT(._display_driver_api.static.*)))
                0x0000000000005424                _display_driver_api_list_end = .

dma_driver_api_area
                0x0000000000005424        0x0
                0x0000000000005424                _dma_driver_api_list_start = .
 *(SORT_BY_NAME(SORT_BY_ALIGNMENT(._dma_driver_api.static.*)))
                0x0000000000005424                _dma_driver_api_list_end = .

edac_driver_api_area
                0x0000000000005424        0x0
                0x0000000000005424                _edac_driver_api_list_start = .
 *(SORT_BY_NAME(SORT_BY_ALIGNMENT(._edac_driver_api.static.*)))
                0x0000000000005424                _edac_driver_api_list_end = .

eeprom_driver_api_area
                0x0000000000005424        0x0
                0x0000000000005424                _eeprom_driver_api_list_start = .
 *(SORT_BY_NAME(SORT_BY_ALIGNMENT(._eeprom_driver_api.static.*)))
                0x0000000000005424                _eeprom_driver_api_list_end = .

emul_bbram_driver_api_area
                0x0000000000005424        0x0
                0x0000000000005424                _emul_bbram_driver_api_list_start = .
 *(SORT_BY_NAME(SORT_BY_ALIGNMENT(._emul_bbram_driver_api.static.*)))
                0x0000000000005424                _emul_bbram_driver_api_list_end = .

fuel_gauge_emul_driver_api_area
                0x0000000000005424        0x0
                0x0000000000005424                _fuel_gauge_emul_driver_api_list_start = .
 *(SORT_BY_NAME(SORT_BY_ALIGNMENT(._fuel_gauge_emul_driver_api.static.*)))
                0x0000000000005424                _fuel_gauge_emul_driver_api_list_end = .

emul_sensor_driver_api_area
                0x0000000000005424        0x0
                0x0000000000005424                _emul_sensor_driver_api_list_start = .
 *(SORT_BY_NAME(SORT_BY_ALIGNMENT(._emul_sensor_driver_api.static.*)))
                0x0000000000005424                _emul_sensor_driver_api_list_end = .

entropy_driver_api_area
                0x0000000000005424        0x0
                0x0000000000005424                _entropy_driver_api_list_start = .
 *(SORT_BY_NAME(SORT_BY_ALIGNMENT(._entropy_driver_api.static.*)))
                0x0000000000005424                _entropy_driver_api_list_end = .

espi_driver_api_area
                0x0000000000005424        0x0
                0x0000000000005424                _espi_driver_api_list_start = .
 *(SORT_BY_NAME(SORT_BY_ALIGNMENT(._espi_driver_api.static.*)))
                0x0000000000005424                _espi_driver_api_list_end = .

espi_saf_driver_api_area
                0x0000000000005424        0x0
                0x0000000000005424                _espi_saf_driver_api_list_start = .
 *(SORT_BY_NAME(SORT_BY_ALIGNMENT(._espi_saf_driver_api.static.*)))
                0x0000000000005424                _espi_saf_driver_api_list_end = .

flash_driver_api_area
                0x0000000000005424        0x0
                0x0000000000005424                _flash_driver_api_list_start = .
 *(SORT_BY_NAME(SORT_BY_ALIGNMENT(._flash_driver_api.static.*)))
                0x0000000000005424                _flash_driver_api_list_end = .

fpga_driver_api_area
                0x0000000000005424        0x0
                0x0000000000005424                _fpga_driver_api_list_start = .
 *(SORT_BY_NAME(SORT_BY_ALIGNMENT(._fpga_driver_api.static.*)))
                0x0000000000005424                _fpga_driver_api_list_end = .

fuel_gauge_driver_api_area
                0x0000000000005424        0x0
                0x0000000000005424                _fuel_gauge_driver_api_list_start = .
 *(SORT_BY_NAME(SORT_BY_ALIGNMENT(._fuel_gauge_driver_api.static.*)))
                0x0000000000005424                _fuel_gauge_driver_api_list_end = .

gnss_driver_api_area
                0x0000000000005424        0x0
                0x0000000000005424                _gnss_driver_api_list_start = .
 *(SORT_BY_NAME(SORT_BY_ALIGNMENT(._gnss_driver_api.static.*)))
                0x0000000000005424                _gnss_driver_api_list_end = .

haptics_driver_api_area
                0x0000000000005424        0x0
                0x0000000000005424                _haptics_driver_api_list_start = .
 *(SORT_BY_NAME(SORT_BY_ALIGNMENT(._haptics_driver_api.static.*)))
                0x0000000000005424                _haptics_driver_api_list_end = .

hwspinlock_driver_api_area
                0x0000000000005424        0x0
                0x0000000000005424                _hwspinlock_driver_api_list_start = .
 *(SORT_BY_NAME(SORT_BY_ALIGNMENT(._hwspinlock_driver_api.static.*)))
                0x0000000000005424                _hwspinlock_driver_api_list_end = .

i2c_driver_api_area
                0x0000000000005424        0x0
                0x0000000000005424                _i2c_driver_api_list_start = .
 *(SORT_BY_NAME(SORT_BY_ALIGNMENT(._i2c_driver_api.static.*)))
                0x0000000000005424                _i2c_driver_api_list_end = .

i2c_target_driver_api_area
                0x0000000000005424        0x0
                0x0000000000005424                _i2c_target_driver_api_list_start = .
 *(SORT_BY_NAME(SORT_BY_ALIGNMENT(._i2c_target_driver_api.static.*)))
                0x0000000000005424                _i2c_target_driver_api_list_end = .

i2s_driver_api_area
                0x0000000000005424        0x0
                0x0000000000005424                _i2s_driver_api_list_start = .
 *(SORT_BY_NAME(SORT_BY_ALIGNMENT(._i2s_driver_api.static.*)))
                0x0000000000005424                _i2s_driver_api_list_end = .

i3c_driver_api_area
                0x0000000000005424        0x0
                0x0000000000005424                _i3c_driver_api_list_start = .
 *(SORT_BY_NAME(SORT_BY_ALIGNMENT(._i3c_driver_api.static.*)))
                0x0000000000005424                _i3c_driver_api_list_end = .

ipm_driver_api_area
                0x0000000000005424        0x0
                0x0000000000005424                _ipm_driver_api_list_start = .
 *(SORT_BY_NAME(SORT_BY_ALIGNMENT(._ipm_driver_api.static.*)))
                0x0000000000005424                _ipm_driver_api_list_end = .

led_driver_api_area
                0x0000000000005424        0x0
                0x0000000000005424                _led_driver_api_list_start = .
 *(SORT_BY_NAME(SORT_BY_ALIGNMENT(._led_driver_api.static.*)))
                0x0000000000005424                _led_driver_api_list_end = .

led_strip_driver_api_area
                0x0000000000005424        0x0
                0x0000000000005424                _led_strip_driver_api_list_start = .
 *(SORT_BY_NAME(SORT_BY_ALIGNMENT(._led_strip_driver_api.static.*)))
                0x0000000000005424                _led_strip_driver_api_list_end = .

lora_driver_api_area
                0x0000000000005424        0x0
                0x0000000000005424                _lora_driver_api_list_start = .
 *(SORT_BY_NAME(SORT_BY_ALIGNMENT(._lora_driver_api.static.*)))
                0x0000000000005424                _lora_driver_api_list_end = .

mbox_driver_api_area
                0x0000000000005424        0x0
                0x0000000000005424                _mbox_driver_api_list_start = .
 *(SORT_BY_NAME(SORT_BY_ALIGNMENT(._mbox_driver_api.static.*)))
                0x0000000000005424                _mbox_driver_api_list_end = .

mdio_driver_api_area
                0x0000000000005424        0x0
                0x0000000000005424                _mdio_driver_api_list_start = .
 *(SORT_BY_NAME(SORT_BY_ALIGNMENT(._mdio_driver_api.static.*)))
                0x0000000000005424                _mdio_driver_api_list_end = .

mipi_dbi_driver_api_area
                0x0000000000005424        0x0
                0x0000000000005424                _mipi_dbi_driver_api_list_start = .
 *(SORT_BY_NAME(SORT_BY_ALIGNMENT(._mipi_dbi_driver_api.static.*)))
                0x0000000000005424                _mipi_dbi_driver_api_list_end = .

mipi_dsi_driver_api_area
                0x0000000000005424        0x0
                0x0000000000005424                _mipi_dsi_driver_api_list_start = .
 *(SORT_BY_NAME(SORT_BY_ALIGNMENT(._mipi_dsi_driver_api.static.*)))
                0x0000000000005424                _mipi_dsi_driver_api_list_end = .

mspi_driver_api_area
                0x0000000000005424        0x0
                0x0000000000005424                _mspi_driver_api_list_start = .
 *(SORT_BY_NAME(SORT_BY_ALIGNMENT(._mspi_driver_api.static.*)))
                0x0000000000005424                _mspi_driver_api_list_end = .

opamp_driver_api_area
                0x0000000000005424        0x0
                0x0000000000005424                _opamp_driver_api_list_start = .
 *(SORT_BY_NAME(SORT_BY_ALIGNMENT(._opamp_driver_api.static.*)))
                0x0000000000005424                _opamp_driver_api_list_end = .

peci_driver_api_area
                0x0000000000005424        0x0
                0x0000000000005424                _peci_driver_api_list_start = .
 *(SORT_BY_NAME(SORT_BY_ALIGNMENT(._peci_driver_api.static.*)))
                0x0000000000005424                _peci_driver_api_list_end = .

ps2_driver_api_area
                0x0000000000005424        0x0
                0x0000000000005424                _ps2_driver_api_list_start = .
 *(SORT_BY_NAME(SORT_BY_ALIGNMENT(._ps2_driver_api.static.*)))
                0x0000000000005424                _ps2_driver_api_list_end = .

ptp_clock_driver_api_area
                0x0000000000005424        0x0
                0x0000000000005424                _ptp_clock_driver_api_list_start = .
 *(SORT_BY_NAME(SORT_BY_ALIGNMENT(._ptp_clock_driver_api.static.*)))
                0x0000000000005424                _ptp_clock_driver_api_list_end = .

pwm_driver_api_area
                0x0000000000005424        0x0
                0x0000000000005424                _pwm_driver_api_list_start = .
 *(SORT_BY_NAME(SORT_BY_ALIGNMENT(._pwm_driver_api.static.*)))
                0x0000000000005424                _pwm_driver_api_list_end = .

regulator_parent_driver_api_area
                0x0000000000005424        0x0
                0x0000000000005424                _regulator_parent_driver_api_list_start = .
 *(SORT_BY_NAME(SORT_BY_ALIGNMENT(._regulator_parent_driver_api.static.*)))
                0x0000000000005424                _regulator_parent_driver_api_list_end = .

regulator_driver_api_area
                0x0000000000005424        0x0
                0x0000000000005424                _regulator_driver_api_list_start = .
 *(SORT_BY_NAME(SORT_BY_ALIGNMENT(._regulator_driver_api.static.*)))
                0x0000000000005424                _regulator_driver_api_list_end = .

reset_driver_api_area
                0x0000000000005424        0x0
                0x0000000000005424                _reset_driver_api_list_start = .
 *(SORT_BY_NAME(SORT_BY_ALIGNMENT(._reset_driver_api.static.*)))
                0x0000000000005424                _reset_driver_api_list_end = .

retained_mem_driver_api_area
                0x0000000000005424        0x0
                0x0000000000005424                _retained_mem_driver_api_list_start = .
 *(SORT_BY_NAME(SORT_BY_ALIGNMENT(._retained_mem_driver_api.static.*)))
                0x0000000000005424                _retained_mem_driver_api_list_end = .

rtc_driver_api_area
                0x0000000000005424        0x0
                0x0000000000005424                _rtc_driver_api_list_start = .
 *(SORT_BY_NAME(SORT_BY_ALIGNMENT(._rtc_driver_api.static.*)))
                0x0000000000005424                _rtc_driver_api_list_end = .

sdhc_driver_api_area
                0x0000000000005424        0x0
                0x0000000000005424                _sdhc_driver_api_list_start = .
 *(SORT_BY_NAME(SORT_BY_ALIGNMENT(._sdhc_driver_api.static.*)))
                0x0000000000005424                _sdhc_driver_api_list_end = .

sensor_driver_api_area
                0x0000000000005424        0x0
                0x0000000000005424                _sensor_driver_api_list_start = .
 *(SORT_BY_NAME(SORT_BY_ALIGNMENT(._sensor_driver_api.static.*)))
                0x0000000000005424                _sensor_driver_api_list_end = .

smbus_driver_api_area
                0x0000000000005424        0x0
                0x0000000000005424                _smbus_driver_api_list_start = .
 *(SORT_BY_NAME(SORT_BY_ALIGNMENT(._smbus_driver_api.static.*)))
                0x0000000000005424                _smbus_driver_api_list_end = .

spi_driver_api_area
                0x0000000000005424        0x0
                0x0000000000005424                _spi_driver_api_list_start = .
 *(SORT_BY_NAME(SORT_BY_ALIGNMENT(._spi_driver_api.static.*)))
                0x0000000000005424                _spi_driver_api_list_end = .

stepper_driver_api_area
                0x0000000000005424        0x0
                0x0000000000005424                _stepper_driver_api_list_start = .
 *(SORT_BY_NAME(SORT_BY_ALIGNMENT(._stepper_driver_api.static.*)))
                0x0000000000005424                _stepper_driver_api_list_end = .

syscon_driver_api_area
                0x0000000000005424        0x0
                0x0000000000005424                _syscon_driver_api_list_start = .
 *(SORT_BY_NAME(SORT_BY_ALIGNMENT(._syscon_driver_api.static.*)))
                0x0000000000005424                _syscon_driver_api_list_end = .

tee_driver_api_area
                0x0000000000005424        0x0
                0x0000000000005424                _tee_driver_api_list_start = .
 *(SORT_BY_NAME(SORT_BY_ALIGNMENT(._tee_driver_api.static.*)))
                0x0000000000005424                _tee_driver_api_list_end = .

video_driver_api_area
                0x0000000000005424        0x0
                0x0000000000005424                _video_driver_api_list_start = .
 *(SORT_BY_NAME(SORT_BY_ALIGNMENT(._video_driver_api.static.*)))
                0x0000000000005424                _video_driver_api_list_end = .

virtio_driver_api_area
                0x0000000000005424        0x0
                0x0000000000005424                _virtio_driver_api_list_start = .
 *(SORT_BY_NAME(SORT_BY_ALIGNMENT(._virtio_driver_api.static.*)))
                0x0000000000005424                _virtio_driver_api_list_end = .

w1_driver_api_area
                0x0000000000005424        0x0
                0x0000000000005424                _w1_driver_api_list_start = .
 *(SORT_BY_NAME(SORT_BY_ALIGNMENT(._w1_driver_api.static.*)))
                0x0000000000005424                _w1_driver_api_list_end = .

wdt_driver_api_area
                0x0000000000005424        0x0
                0x0000000000005424                _wdt_driver_api_list_start = .
 *(SORT_BY_NAME(SORT_BY_ALIGNMENT(._wdt_driver_api.static.*)))
                0x0000000000005424                _wdt_driver_api_list_end = .

can_transceiver_driver_api_area
                0x0000000000005424        0x0
                0x0000000000005424                _can_transceiver_driver_api_list_start = .
 *(SORT_BY_NAME(SORT_BY_ALIGNMENT(._can_transceiver_driver_api.static.*)))
                0x0000000000005424                _can_transceiver_driver_api_list_end = .

nrf_clock_control_driver_api_area
                0x0000000000005424        0x0
                0x0000000000005424                _nrf_clock_control_driver_api_list_start = .
 *(SORT_BY_NAME(SORT_BY_ALIGNMENT(._nrf_clock_control_driver_api.static.*)))
                0x0000000000005424                _nrf_clock_control_driver_api_list_end = .

i3c_target_driver_api_area
                0x0000000000005424        0x0
                0x0000000000005424                _i3c_target_driver_api_list_start = .
 *(SORT_BY_NAME(SORT_BY_ALIGNMENT(._i3c_target_driver_api.static.*)))
                0x0000000000005424                _i3c_target_driver_api_list_end = .

its_driver_api_area
                0x0000000000005424        0x0
                0x0000000000005424                _its_driver_api_list_start = .
 *(SORT_BY_NAME(SORT_BY_ALIGNMENT(._its_driver_api.static.*)))
                0x0000000000005424                _its_driver_api_list_end = .

vtd_driver_api_area
                0x0000000000005424        0x0
                0x0000000000005424                _vtd_driver_api_list_start = .
 *(SORT_BY_NAME(SORT_BY_ALIGNMENT(._vtd_driver_api.static.*)))
                0x0000000000005424                _vtd_driver_api_list_end = .

renesas_elc_driver_api_area
                0x0000000000005424        0x0
                0x0000000000005424                _renesas_elc_driver_api_list_start = .
 *(SORT_BY_NAME(SORT_BY_ALIGNMENT(._renesas_elc_driver_api.static.*)))
                0x0000000000005424                _renesas_elc_driver_api_list_end = .

tgpio_driver_api_area
                0x0000000000005424        0x0
                0x0000000000005424                _tgpio_driver_api_list_start = .
 *(SORT_BY_NAME(SORT_BY_ALIGNMENT(._tgpio_driver_api.static.*)))
                0x0000000000005424                _tgpio_driver_api_list_end = .

pcie_ctrl_driver_api_area
                0x0000000000005424        0x0
                0x0000000000005424                _pcie_ctrl_driver_api_list_start = .
 *(SORT_BY_NAME(SORT_BY_ALIGNMENT(._pcie_ctrl_driver_api.static.*)))
                0x0000000000005424                _pcie_ctrl_driver_api_list_end = .

pcie_ep_driver_api_area
                0x0000000000005424        0x0
                0x0000000000005424                _pcie_ep_driver_api_list_start = .
 *(SORT_BY_NAME(SORT_BY_ALIGNMENT(._pcie_ep_driver_api.static.*)))
                0x0000000000005424                _pcie_ep_driver_api_list_end = .

psi5_driver_api_area
                0x0000000000005424        0x0
                0x0000000000005424                _psi5_driver_api_list_start = .
 *(SORT_BY_NAME(SORT_BY_ALIGNMENT(._psi5_driver_api.static.*)))
                0x0000000000005424                _psi5_driver_api_list_end = .

sent_driver_api_area
                0x0000000000005424        0x0
                0x0000000000005424                _sent_driver_api_list_start = .
 *(SORT_BY_NAME(SORT_BY_ALIGNMENT(._sent_driver_api.static.*)))
                0x0000000000005424                _sent_driver_api_list_end = .

svc_driver_api_area
                0x0000000000005424        0x0
                0x0000000000005424                _svc_driver_api_list_start = .
 *(SORT_BY_NAME(SORT_BY_ALIGNMENT(._svc_driver_api.static.*)))
                0x0000000000005424                _svc_driver_api_list_end = .

uart_driver_api_area
                0x0000000000005424       0x14
                0x0000000000005424                _uart_driver_api_list_start = .
 *(SORT_BY_NAME(SORT_BY_ALIGNMENT(._uart_driver_api.static.*)))
 ._uart_driver_api.static.uart_mcux_driver_api_
                0x0000000000005424       0x14 zephyr/drivers/serial/libdrivers__serial.a(uart_mcux.c.obj)
                0x0000000000005438                _uart_driver_api_list_end = .

bc12_emul_driver_api_area
                0x0000000000005438        0x0
                0x0000000000005438                _bc12_emul_driver_api_list_start = .
 *(SORT_BY_NAME(SORT_BY_ALIGNMENT(._bc12_emul_driver_api.static.*)))
                0x0000000000005438                _bc12_emul_driver_api_list_end = .

bc12_driver_api_area
                0x0000000000005438        0x0
                0x0000000000005438                _bc12_driver_api_list_start = .
 *(SORT_BY_NAME(SORT_BY_ALIGNMENT(._bc12_driver_api.static.*)))
                0x0000000000005438                _bc12_driver_api_list_end = .

usbc_ppc_driver_api_area
                0x0000000000005438        0x0
                0x0000000000005438                _usbc_ppc_driver_api_list_start = .
 *(SORT_BY_NAME(SORT_BY_ALIGNMENT(._usbc_ppc_driver_api.static.*)))
                0x0000000000005438                _usbc_ppc_driver_api_list_end = .

tcpc_driver_api_area
                0x0000000000005438        0x0
                0x0000000000005438                _tcpc_driver_api_list_start = .
 *(SORT_BY_NAME(SORT_BY_ALIGNMENT(._tcpc_driver_api.static.*)))
                0x0000000000005438                _tcpc_driver_api_list_end = .

usbc_vbus_driver_api_area
                0x0000000000005438        0x0
                0x0000000000005438                _usbc_vbus_driver_api_list_start = .
 *(SORT_BY_NAME(SORT_BY_ALIGNMENT(._usbc_vbus_driver_api.static.*)))
                0x0000000000005438                _usbc_vbus_driver_api_list_end = .

ivshmem_driver_api_area
                0x0000000000005438        0x0
                0x0000000000005438                _ivshmem_driver_api_list_start = .
 *(SORT_BY_NAME(SORT_BY_ALIGNMENT(._ivshmem_driver_api.static.*)))
                0x0000000000005438                _ivshmem_driver_api_list_end = .

ethphy_driver_api_area
                0x0000000000005438        0x0
                0x0000000000005438                _ethphy_driver_api_list_start = .
 *(SORT_BY_NAME(SORT_BY_ALIGNMENT(._ethphy_driver_api.static.*)))
                0x0000000000005438                _ethphy_driver_api_list_end = .

ztest           0x0000000000005438        0x0
                0x0000000000005438                _ztest_expected_result_entry_list_start = .
 *(SORT_BY_NAME(SORT_BY_ALIGNMENT(._ztest_expected_result_entry.static.*)))
                0x0000000000005438                _ztest_expected_result_entry_list_end = .
                0x0000000000005438                _ztest_suite_node_list_start = .
 *(SORT_BY_NAME(SORT_BY_ALIGNMENT(._ztest_suite_node.static.*)))
                0x0000000000005438                _ztest_suite_node_list_end = .
                0x0000000000005438                _ztest_unit_test_list_start = .
 *(SORT_BY_NAME(SORT_BY_ALIGNMENT(._ztest_unit_test.static.*)))
                0x0000000000005438                _ztest_unit_test_list_end = .
                0x0000000000005438                _ztest_test_rule_list_start = .
 *(SORT_BY_NAME(SORT_BY_ALIGNMENT(._ztest_test_rule.static.*)))
                0x0000000000005438                _ztest_test_rule_list_end = .

init_array      0x0000000000005438        0x0
                0x0000000000005438                __zephyr_init_array_start = .
 *(SORT_BY_INIT_PRIORITY(.init_array.*) SORT_BY_INIT_PRIORITY(.ctors.*))
 *(SORT_BY_ALIGNMENT(.init_array) SORT_BY_ALIGNMENT(.ctors))
                0x0000000000005438                __zephyr_init_array_end = .
                0x0000000000000001                ASSERT ((__zephyr_init_array_start == __zephyr_init_array_end), GNU-style constructors required but STATIC_INIT_GNU not enabled)

bt_l2cap_fixed_chan_area
                0x0000000000005438        0x0
                0x0000000000005438                _bt_l2cap_fixed_chan_list_start = .
 *(SORT_BY_NAME(SORT_BY_ALIGNMENT(._bt_l2cap_fixed_chan.static.*)))
                0x0000000000005438                _bt_l2cap_fixed_chan_list_end = .

bt_gatt_service_static_area
                0x0000000000005438        0x0
                0x0000000000005438                _bt_gatt_service_static_list_start = .
 *(SORT_BY_NAME(SORT_BY_ALIGNMENT(._bt_gatt_service_static.static.*)))
                0x0000000000005438                _bt_gatt_service_static_list_end = .

log_strings_area
                0x0000000000005438        0x0
                0x0000000000005438                _log_strings_list_start = .
 *(SORT_BY_NAME(SORT_BY_ALIGNMENT(._log_strings.static.*)))
                0x0000000000005438                _log_strings_list_end = .

log_stmesp_ptr_area
                0x0000000000005438        0x0
                0x0000000000005438                _log_stmesp_ptr_list_start = .
 *(SORT_BY_NAME(SORT_BY_ALIGNMENT(._log_stmesp_ptr.static.*)))
                0x0000000000005438                _log_stmesp_ptr_list_end = .

log_stmesp_str_area
                0x0000000000005438        0x0
                0x0000000000005438                _log_stmesp_str_list_start = .
 *(SORT_BY_NAME(SORT_BY_ALIGNMENT(._log_stmesp_str.static.*)))
                0x0000000000005438                _log_stmesp_str_list_end = .

log_const_area  0x0000000000005438        0x0
                0x0000000000005438                _log_const_list_start = .
 *(SORT_BY_NAME(SORT_BY_ALIGNMENT(._log_const.static.*)))
                0x0000000000005438                _log_const_list_end = .

log_backend_area
                0x0000000000005438        0x0
                0x0000000000005438                _log_backend_list_start = .
 *(SORT_BY_NAME(SORT_BY_ALIGNMENT(._log_backend.static.*)))
                0x0000000000005438                _log_backend_list_end = .

log_link_area   0x0000000000005438        0x0
                0x0000000000005438                _log_link_list_start = .
 *(SORT_BY_NAME(SORT_BY_ALIGNMENT(._log_link.static.*)))
                0x0000000000005438                _log_link_list_end = .

tracing_backend_area
                0x0000000000005438        0x0
                0x0000000000005438                _tracing_backend_list_start = .
 *(SORT_BY_NAME(SORT_BY_ALIGNMENT(._tracing_backend.static.*)))
                0x0000000000005438                _tracing_backend_list_end = .

zephyr_dbg_info
 *(SORT_BY_ALIGNMENT(.dbg_thread_info))

intc_table_area
                0x0000000000005438        0x0
                0x0000000000005438                _intc_table_list_start = .
 *(SORT_BY_NAME(SORT_BY_ALIGNMENT(._intc_table.static.*)))
                0x0000000000005438                _intc_table_list_end = .

symbol_to_keep  0x0000000000005438        0x0
                0x0000000000005438                __symbol_to_keep_start = .
 *(SORT_BY_NAME(SORT_BY_ALIGNMENT(.symbol_to_keep*)))
                0x0000000000005438                __symbol_to_keep_end = .

shell_area      0x0000000000005438        0x0
                0x0000000000005438                _shell_list_start = .
 *(SORT_BY_NAME(SORT_BY_ALIGNMENT(._shell.static.*)))
                0x0000000000005438                _shell_list_end = .

shell_root_cmds_area
                0x0000000000005438        0x0
                0x0000000000005438                _shell_root_cmds_list_start = .
 *(SORT_BY_NAME(SORT_BY_ALIGNMENT(._shell_root_cmds.static.*)))
                0x0000000000005438                _shell_root_cmds_list_end = .

shell_subcmds_area
                0x0000000000005438        0x0
                0x0000000000005438                _shell_subcmds_list_start = .
 *(SORT_BY_NAME(SORT_BY_ALIGNMENT(._shell_subcmds.static.*)))
                0x0000000000005438                _shell_subcmds_list_end = .

shell_dynamic_subcmds_area
                0x0000000000005438        0x0
                0x0000000000005438                _shell_dynamic_subcmds_list_start = .
 *(SORT_BY_NAME(SORT_BY_ALIGNMENT(._shell_dynamic_subcmds.static.*)))
                0x0000000000005438                _shell_dynamic_subcmds_list_end = .

cfb_font_area   0x0000000000005438        0x0
                0x0000000000005438                _cfb_font_list_start = .
 *(SORT_BY_NAME(SORT_BY_ALIGNMENT(._cfb_font.static.*)))
                0x0000000000005438                _cfb_font_list_end = .

tdata           0x0000000000005438        0x0
 *(SORT_BY_ALIGNMENT(.tdata) SORT_BY_ALIGNMENT(.tdata.*) SORT_BY_ALIGNMENT(.gnu.linkonce.td.*))

tbss            0x0000000000005438        0x4
 *(SORT_BY_ALIGNMENT(.tbss) SORT_BY_ALIGNMENT(.tbss.*) SORT_BY_ALIGNMENT(.gnu.linkonce.tb.*) SORT_BY_ALIGNMENT(.tcommon))
 .tbss.z_tls_current
                0x0000000000005438        0x4 zephyr/libzephyr.a(thread_entry.c.obj)
                0x0000000000005438                z_tls_current
                0x0000000000005438                PROVIDE (__tdata_start = LOADADDR (tdata))
                0x0000000000000001                PROVIDE (__tdata_align = ALIGNOF (tdata))
                0x0000000000000000                PROVIDE (__tdata_size = (((SIZEOF (tdata) + __tdata_align) - 0x1) & ~ ((__tdata_align - 0x1))))
                [!provide]                        PROVIDE (__tdata_end = (__tdata_start + __tdata_size))
                0x0000000000000004                PROVIDE (__tbss_align = ALIGNOF (tbss))
                [!provide]                        PROVIDE (__tbss_start = ADDR (tbss))
                0x0000000000000004                PROVIDE (__tbss_size = (((SIZEOF (tbss) + __tbss_align) - 0x1) & ~ ((__tbss_align - 0x1))))
                [!provide]                        PROVIDE (__tbss_end = (__tbss_start + __tbss_size))
                [!provide]                        PROVIDE (__tls_start = __tdata_start)
                [!provide]                        PROVIDE (__tls_end = __tbss_end)
                [!provide]                        PROVIDE (__tls_size = (__tbss_end - __tdata_start))

rodata          0x0000000000005438      0xa18
 *(SORT_BY_ALIGNMENT(.rodata))
 *(SORT_BY_ALIGNMENT(.rodata.*))
 .rodata.note_freqs
                0x0000000000005438       0x8c app/libapp.a(main.c.obj)
 .rodata.adc_channels
                0x00000000000054c4       0x10 app/libapp.a(main.c.obj)
 .rodata.simConfig
                0x00000000000054d4        0x8 zephyr/libzephyr.a(soc.c.obj)
 .rodata.oscConfig
                0x00000000000054dc        0x8 zephyr/libzephyr.a(soc.c.obj)
 .rodata.mpu_config
                0x00000000000054e4        0xc zephyr/libzephyr.a(nxp_mpu_regions.c.obj)
                0x00000000000054e4                mpu_config
 .rodata.mpu_regions
                0x00000000000054f0       0x50 zephyr/libzephyr.a(nxp_mpu_regions.c.obj)
 .rodata.mem_attr_region
                0x0000000000005540        0x0 zephyr/libzephyr.a(mem_attr.c.obj)
 .rodata.static_regions
                0x0000000000005540        0xc zephyr/arch/arch/arm/core/mpu/libarch__arm__core__mpu.a(arm_core_mpu.c.obj)
 .rodata.mcux_adc16_config_1
                0x000000000000554c       0x30 zephyr/drivers/adc/libdrivers__adc.a(adc_mcux_adc16.c.obj)
 .rodata.__pinctrl_dev_config__device_dts_ord_15
                0x000000000000557c        0x8 zephyr/drivers/adc/libdrivers__adc.a(adc_mcux_adc16.c.obj)
 .rodata.__pinctrl_states__device_dts_ord_15
                0x0000000000005584        0x8 zephyr/drivers/adc/libdrivers__adc.a(adc_mcux_adc16.c.obj)
 .rodata.__pinctrl_state_pins_0__device_dts_ord_15
                0x000000000000558c        0x4 zephyr/drivers/adc/libdrivers__adc.a(adc_mcux_adc16.c.obj)
 .rodata.mcux_adc16_config_0
                0x0000000000005590       0x30 zephyr/drivers/adc/libdrivers__adc.a(adc_mcux_adc16.c.obj)
 .rodata.__pinctrl_dev_config__device_dts_ord_12
                0x00000000000055c0        0x8 zephyr/drivers/adc/libdrivers__adc.a(adc_mcux_adc16.c.obj)
 .rodata.__pinctrl_states__device_dts_ord_12
                0x00000000000055c8        0x8 zephyr/drivers/adc/libdrivers__adc.a(adc_mcux_adc16.c.obj)
 .rodata.__pinctrl_state_pins_0__device_dts_ord_12
                0x00000000000055d0        0x4 zephyr/drivers/adc/libdrivers__adc.a(adc_mcux_adc16.c.obj)
 .rodata.mcux_dac_config_0
                0x00000000000055d4        0x8 zephyr/drivers/dac/libdrivers__dac.a(dac_mcux_dac.c.obj)
 .rodata.gpio_mcux_port4_config
                0x00000000000055dc       0x10 zephyr/drivers/gpio/libdrivers__gpio.a(gpio_mcux.c.obj)
 .rodata.gpio_mcux_port3_config